Unit02:

1) Basics command  about the  Images .

       1) ServiceImages (Ready to used platforms):

       2) Raw Images (Minor Os footprint):
 


        "sha256:cd7ddcecb993c8ca31f5b0911959ade673454bd0a051d92b7937f6c95af51017",
        "sha256:8cfc9a467ed7a9a37ee62871f67fcb821bae5aaf9409452da3449432df3923e8",
        "sha256:2a9998409df955c541c7130e339eaa0686fdbba1046fbd113c8fd1ac59f520e3"
    ],
    "Env": [
        "PATH=/usr/local/sbin:/usr/local/bin:/usr/sbin:/usr/bin:/sbin:/bin",
        "GOSU_VERSION=1.14",
        "REDIS_VERSION=7.0.4",
        "REDIS_DOWNLOAD_URL=http://download.redis.io/releases/redis-7.0.4.tar.gz",
        "REDIS_DOWNLOAD_SHA=f0e65fda74c44a3dd4fa9d512d4d4d833dd0939c934e946a5c622a630d057f2f"
    ]
}
[root@dockerhost ~]#
[root@dockerhost ~]#
[root@dockerhost ~]#
[root@dockerhost ~]#
[root@dockerhost ~]# docker images
REPOSITORY                                         TAG       IMAGE ID       CREATED       SIZE
httpd                                              latest    a981c8992512   5 days ago    145MB
registry.access.redhat.com/rhscl/nginx-112-rhel7   latest    fc131486cd08   2 years ago   302MB
httpd                                              2.2       e06c3dbbfe23   4 years ago   171MB
[root@dockerhost ~]#
[root@dockerhost ~]#
[root@dockerhost ~]#
[root@dockerhost ~]#
[root@dockerhost ~]# docker system  df
TYPE            TOTAL     ACTIVE    SIZE      RECLAIMABLE
Images          3         0         618.3MB   618.3MB (100%)
Containers      0         0         0B        0B
Local Volumes   0         0         0B        0B
Build Cache     0         0         0B        0B
[root@dockerhost ~]# clear
[root@dockerhost ~]#
[root@dockerhost ~]#
[root@dockerhost ~]# docker images
REPOSITORY                                         TAG       IMAGE ID       CREATED       SIZE
httpd                                              latest    a981c8992512   5 days ago    145MB
registry.access.redhat.com/rhscl/nginx-112-rhel7   latest    fc131486cd08   2 years ago   302MB
httpd                                              2.2       e06c3dbbfe23   4 years ago   171MB
[root@dockerhost ~]#
[root@dockerhost ~]#
[root@dockerhost ~]# docker pull ubuntu
Using default tag: latest
latest: Pulling from library/ubuntu
d19f32bd9e41: Pull complete
Digest: sha256:34fea4f31bf187bc915536831fd0afc9d214755bf700b5cdb1336c82516d154e
Status: Downloaded newer image for ubuntu:latest
docker.io/library/ubuntu:latest
[root@dockerhost ~]#
[root@dockerhost ~]#
[root@dockerhost ~]#
[root@dockerhost ~]# docker images
REPOSITORY                                         TAG       IMAGE ID       CREATED       SIZE
httpd                                              latest    a981c8992512   5 days ago    145MB
ubuntu                                             latest    df5de72bdb3b   3 weeks ago   77.8MB
registry.access.redhat.com/rhscl/nginx-112-rhel7   latest    fc131486cd08   2 years ago   302MB
httpd                                              2.2       e06c3dbbfe23   4 years ago   171MB
[root@dockerhost ~]# docker pull debian:bullseye-slim
bullseye-slim: Pulling from library/debian
7a6db449b51b: Already exists
Digest: sha256:68c1f6bae105595d2ebec1589d9d476ba2939fdb11eaba1daec4ea826635ce75
Status: Downloaded newer image for debian:bullseye-slim
docker.io/library/debian:bullseye-slim
[root@dockerhost ~]#
[root@dockerhost ~]#
[root@dockerhost ~]# docker pull debian:bullseye-slim




bullseye-slim: Pulling from library/debian
Digest: sha256:68c1f6bae105595d2ebec1589d9d476ba2939fdb11eaba1daec4ea826635ce75
Status: Image is up to date for debian:bullseye-slim
docker.io/library/debian:bullseye-slim
[root@dockerhost ~]#
[root@dockerhost ~]#
[root@dockerhost ~]#
[root@dockerhost ~]#
[root@dockerhost ~]#
[root@dockerhost ~]#
[root@dockerhost ~]#
[root@dockerhost ~]#
[root@dockerhost ~]# docker images
REPOSITORY                                         TAG             IMAGE ID       CREATED       SIZE
httpd                                              latest          a981c8992512   5 days ago    145MB
debian                                             bullseye-slim   2bb87fe5a1f3   5 days ago    80.4MB
ubuntu                                             latest          df5de72bdb3b   3 weeks ago   77.8MB
registry.access.redhat.com/rhscl/nginx-112-rhel7   latest          fc131486cd08   2 years ago   302MB
httpd                                              2.2             e06c3dbbfe23   4 years ago   171MB
[root@dockerhost ~]#
[root@dockerhost ~]#
[root@dockerhost ~]# docker history  httpd
IMAGE          CREATED      CREATED BY                                      SIZE      COMMENT
a981c8992512   5 days ago   /bin/sh -c #(nop)  CMD ["httpd-foreground"]     0B
<missing>      5 days ago   /bin/sh -c #(nop)  EXPOSE 80                    0B
<missing>      5 days ago   /bin/sh -c #(nop) COPY file:c432ff61c4993ecd…   138B
<missing>      5 days ago   /bin/sh -c #(nop)  STOPSIGNAL SIGWINCH          0B
<missing>      5 days ago   /bin/sh -c set -eux;   savedAptMark="$(apt-m…   59.9MB
<missing>      5 days ago   /bin/sh -c #(nop)  ENV HTTPD_PATCHES=           0B
<missing>      5 days ago   /bin/sh -c #(nop)  ENV HTTPD_SHA256=eb397fee…   0B
<missing>      5 days ago   /bin/sh -c #(nop)  ENV HTTPD_VERSION=2.4.54     0B
<missing>      5 days ago   /bin/sh -c set -eux;  apt-get update;  apt-g…   4.76MB
<missing>      5 days ago   /bin/sh -c #(nop) WORKDIR /usr/local/apache2    0B
<missing>      5 days ago   /bin/sh -c mkdir -p "$HTTPD_PREFIX"  && chow…   0B
<missing>      5 days ago   /bin/sh -c #(nop)  ENV PATH=/usr/local/apach…   0B
<missing>      5 days ago   /bin/sh -c #(nop)  ENV HTTPD_PREFIX=/usr/loc…   0B
<missing>      5 days ago   /bin/sh -c #(nop)  CMD ["bash"]                 0B
<missing>      5 days ago   /bin/sh -c #(nop) ADD file:7726efb0e0eb5003d…   80.4MB
[root@dockerhost ~]#
[root@dockerhost ~]# docker history  ubuntu
IMAGE          CREATED       CREATED BY                                      SIZE      COMMENT
df5de72bdb3b   3 weeks ago   /bin/sh -c #(nop)  CMD ["bash"]                 0B
<missing>      3 weeks ago   /bin/sh -c #(nop) ADD file:396eeb65c8d737180…   77.8MB
[root@dockerhost ~]# docker images
REPOSITORY                                         TAG             IMAGE ID       CREATED       SIZE
httpd                                              latest          a981c8992512   5 days ago    145MB
debian                                             bullseye-slim   2bb87fe5a1f3   5 days ago    80.4MB
ubuntu                                             latest          df5de72bdb3b   3 weeks ago   77.8MB
registry.access.redhat.com/rhscl/nginx-112-rhel7   latest          fc131486cd08   2 years ago   302MB
httpd                                              2.2             e06c3dbbfe23   4 years ago   171MB
[root@dockerhost ~]#
[root@dockerhost ~]# docker images inspect  httpd
[root@dockerhost ~]# docker images inspect  httpd
"docker images" requires at most 1 argument.
See 'docker images --help'.

Usage:  docker images [OPTIONS] [REPOSITORY[:TAG]]

List images
[root@dockerhost ~]#
[root@dockerhost ~]# docker  inspect image   httpd
[
    {
        "Id": "sha256:a981c8992512d65c9b450a9ecabb1cb9d35bb6b03f3640f86471032d5800d825",
        "RepoTags": [
            "httpd:latest"
        ],
        "RepoDigests": [
            "httpd@sha256:70999c4a17c796dd28f86f9c847b30f28abaed6ef1fd72a44282b1c941238804"
        ],
        "Parent": "",
        "Comment": "",
        "Created": "2022-08-23T03:32:16.382564167Z",
        "Container": "91961c32bbf7467a5b882d5f39b01db2cdb1c01cf360e961905945314a47d5ba",
        "ContainerConfig": {
            "Hostname": "91961c32bbf7",
            "Domainname": "",
            "User": "",
            "AttachStdin": false,
            "AttachStdout": false,
            "AttachStderr": false,
            "ExposedPorts": {
                "80/tcp": {}
            },
            "Tty": false,
            "OpenStdin": false,
            "StdinOnce": false,
            "Env": [
                "PATH=/usr/local/apache2/bin:/usr/local/sbin:/usr/local/bin:/usr/sbin:/usr/bin:/sbin:/bin",
                "HTTPD_PREFIX=/usr/local/apache2",
                "HTTPD_VERSION=2.4.54",
                "HTTPD_SHA256=eb397feeefccaf254f8d45de3768d9d68e8e73851c49afd5b7176d1ecf80c340",
                "HTTPD_PATCHES="
            ],
            "Cmd": [
                "/bin/sh",
                "-c",
                "#(nop) ",
                "CMD [\"httpd-foreground\"]"
            ],
            "Image": "sha256:01f39eabc819474021c1dd302fa5b68733da0ab54c92caf4111b5ff849472def",
            "Volumes": null,
            "WorkingDir": "/usr/local/apache2",
            "Entrypoint": null,
            "OnBuild": null,
            "Labels": {},
            "StopSignal": "SIGWINCH"
        },
        "DockerVersion": "20.10.12",
        "Author": "",
        "Config": {
            "Hostname": "",
            "Domainname": "",
            "User": "",
            "AttachStdin": false,
            "AttachStdout": false,
            "AttachStderr": false,
            "ExposedPorts": {
                "80/tcp": {}
            },
            "Tty": false,
            "OpenStdin": false,
            "StdinOnce": false,
            "Env": [
                "PATH=/usr/local/apache2/bin:/usr/local/sbin:/usr/local/bin:/usr/sbin:/usr/bin:/sbin:/bin",
                "HTTPD_PREFIX=/usr/local/apache2",
                "HTTPD_VERSION=2.4.54",
                "HTTPD_SHA256=eb397feeefccaf254f8d45de3768d9d68e8e73851c49afd5b7176d1ecf80c340",
                "HTTPD_PATCHES="
            ],
            "Cmd": [
                "httpd-foreground"
            ],
            "Image": "sha256:01f39eabc819474021c1dd302fa5b68733da0ab54c92caf4111b5ff849472def",
            "Volumes": null,
            "WorkingDir": "/usr/local/apache2",
            "Entrypoint": null,
            "OnBuild": null,
            "Labels": null,
            "StopSignal": "SIGWINCH"
        },
        "Architecture": "amd64",
        "Os": "linux",
        "Size": 145077204,
        "VirtualSize": 145077204,
        "GraphDriver": {
            "Data": {
                "LowerDir": "/var/lib/docker/overlay2/f18fd0694f5f04ec879d65b700d7c789b872e75b8b05fe6f8e1443a84b387a64/diff:/var/lib/docker/overlay2/b2b6ee2aac27177ff07e0f130067f77ca8bcb967a0dbf99cda08077461e4251c/diff:/var/lib/docker/overlay2/20cc0d0b05ee155dbc0fafec9d19ebf0fa620aa580a35a6d1023ae4cc744e5a3/diff:/var/lib/docker/overlay2/ba8e3aa9fa7fdeb163cc111734744c6617070748e8d65f97b9f802e8ab5c89d5/diff",
                "MergedDir": "/var/lib/docker/overlay2/75146cd44b45748b940e69a87ea6a02548518d6e6b040a83423459e0828c152d/merged",
                "UpperDir": "/var/lib/docker/overlay2/75146cd44b45748b940e69a87ea6a02548518d6e6b040a83423459e0828c152d/diff",
                "WorkDir": "/var/lib/docker/overlay2/75146cd44b45748b940e69a87ea6a02548518d6e6b040a83423459e0828c152d/work"
            },
            "Name": "overlay2"
        },
        "RootFS": {
            "Type": "layers",
            "Layers": [
                "sha256:6485bed636274e42b47028c43ad5f9c036dd7cf2b40194bd556ddad2a98eea63",
                "sha256:34e2a1369fc5cd05979a1bc58f0bbb16778412cee6e696ec0b779bef574091c5",
                "sha256:c672c6903747b34d409d5bd7bd237a1e8a01aeb5a95557fdc19fbe2f21acc575",
                "sha256:c7c38e3c39adcfbfd0315f97f521054fe9c8ae758298d37aebba74862fdc077d",
                "sha256:01597d537f57d33370c31559a880654ee80571bb5e7c22584629576b4d72b834"
            ]
        },
        "Metadata": {
            "LastTagTime": "0001-01-01T00:00:00Z"
        }
    }
]
Error: No such object: image
[root@dockerhost ~]# docker  image  inspect  httpd
[root@dockerhost ~]# docker  image  inspect  httpd
[
    {
        "Id": "sha256:a981c8992512d65c9b450a9ecabb1cb9d35bb6b03f3640f86471032d5800d825",
        "RepoTags": [
            "httpd:latest"
        ],
        "RepoDigests": [
            "httpd@sha256:70999c4a17c796dd28f86f9c847b30f28abaed6ef1fd72a44282b1c941238804"
        ],
        "Parent": "",
        "Comment": "",
        "Created": "2022-08-23T03:32:16.382564167Z",
        "Container": "91961c32bbf7467a5b882d5f39b01db2cdb1c01cf360e961905945314a47d5ba",
        "ContainerConfig": {
            "Hostname": "91961c32bbf7",
            "Domainname": "",
            "User": "",
            "AttachStdin": false,
            "AttachStdout": false,
            "AttachStderr": false,
            "ExposedPorts": {
                "80/tcp": {}
            },
            "Tty": false,
            "OpenStdin": false,
            "StdinOnce": false,
            "Env": [
                "PATH=/usr/local/apache2/bin:/usr/local/sbin:/usr/local/bin:/usr/sbin:/usr/bin:/sbin:/bin",
                "HTTPD_PREFIX=/usr/local/apache2",
                "HTTPD_VERSION=2.4.54",
                "HTTPD_SHA256=eb397feeefccaf254f8d45de3768d9d68e8e73851c49afd5b7176d1ecf80c340",
                "HTTPD_PATCHES="
            ],
            "Cmd": [
                "/bin/sh",
                "-c",
                "#(nop) ",
                "CMD [\"httpd-foreground\"]"
            ],
            "Image": "sha256:01f39eabc819474021c1dd302fa5b68733da0ab54c92caf4111b5ff849472def",
            "Volumes": null,
            "WorkingDir": "/usr/local/apache2",
            "Entrypoint": null,
            "OnBuild": null,
            "Labels": {},
            "StopSignal": "SIGWINCH"
        },
        "DockerVersion": "20.10.12",
        "Author": "",
        "Config": {
            "Hostname": "",
            "Domainname": "",
            "User": "",
            "AttachStdin": false,
            "AttachStdout": false,
            "AttachStderr": false,
            "ExposedPorts": {
                "80/tcp": {}
            },
            "Tty": false,
            "OpenStdin": false,
            "StdinOnce": false,
            "Env": [
                "PATH=/usr/local/apache2/bin:/usr/local/sbin:/usr/local/bin:/usr/sbin:/usr/bin:/sbin:/bin",
                "HTTPD_PREFIX=/usr/local/apache2",
                "HTTPD_VERSION=2.4.54",
                "HTTPD_SHA256=eb397feeefccaf254f8d45de3768d9d68e8e73851c49afd5b7176d1ecf80c340",
                "HTTPD_PATCHES="
            ],
            "Cmd": [
                "httpd-foreground"
            ],
            "Image": "sha256:01f39eabc819474021c1dd302fa5b68733da0ab54c92caf4111b5ff849472def",
            "Volumes": null,
            "WorkingDir": "/usr/local/apache2",
            "Entrypoint": null,
            "OnBuild": null,
            "Labels": null,
            "StopSignal": "SIGWINCH"
        },
        "Architecture": "amd64",
        "Os": "linux",
        "Size": 145077204,
        "VirtualSize": 145077204,
        "GraphDriver": {
            "Data": {
                "LowerDir": "/var/lib/docker/overlay2/f18fd0694f5f04ec879d65b700d7c789b872e75b8b05fe6f8e1443a84b387a64/diff:/var/lib/docker/overlay2/b2b6ee2aac27177ff07e0f130067f77ca8bcb967a0dbf99cda08077461e4251c/diff:/var/lib/docker/overlay2/20cc0d0b05ee155dbc0fafec9d19ebf0fa620aa580a35a6d1023ae4cc744e5a3/diff:/var/lib/docker/overlay2/ba8e3aa9fa7fdeb163cc111734744c6617070748e8d65f97b9f802e8ab5c89d5/diff",
                "MergedDir": "/var/lib/docker/overlay2/75146cd44b45748b940e69a87ea6a02548518d6e6b040a83423459e0828c152d/merged",
                "UpperDir": "/var/lib/docker/overlay2/75146cd44b45748b940e69a87ea6a02548518d6e6b040a83423459e0828c152d/diff",
                "WorkDir": "/var/lib/docker/overlay2/75146cd44b45748b940e69a87ea6a02548518d6e6b040a83423459e0828c152d/work"
            },
            "Name": "overlay2"
        },
        "RootFS": {
            "Type": "layers",
            "Layers": [
                "sha256:6485bed636274e42b47028c43ad5f9c036dd7cf2b40194bd556ddad2a98eea63",
                "sha256:34e2a1369fc5cd05979a1bc58f0bbb16778412cee6e696ec0b779bef574091c5",
                "sha256:c672c6903747b34d409d5bd7bd237a1e8a01aeb5a95557fdc19fbe2f21acc575",
                "sha256:c7c38e3c39adcfbfd0315f97f521054fe9c8ae758298d37aebba74862fdc077d",
                "sha256:01597d537f57d33370c31559a880654ee80571bb5e7c22584629576b4d72b834"
            ]
        },
        "Metadata": {
            "LastTagTime": "0001-01-01T00:00:00Z"
        }
    }
]
[root@dockerhost ~]#
[root@dockerhost ~]# docker  image  inspect  httpd
[
    {
        "Id": "sha256:a981c8992512d65c9b450a9ecabb1cb9d35bb6b03f3640f86471032d5800d825",
        "RepoTags": [
            "httpd:latest"
        ],
        "RepoDigests": [
            "httpd@sha256:70999c4a17c796dd28f86f9c847b30f28abaed6ef1fd72a44282b1c941238804"
        ],
        "Parent": "",
        "Comment": "",
        "Created": "2022-08-23T03:32:16.382564167Z",
        "Container": "91961c32bbf7467a5b882d5f39b01db2cdb1c01cf360e961905945314a47d5ba",
        "ContainerConfig": {
            "Hostname": "91961c32bbf7",
            "Domainname": "",
            "User": "",
            "AttachStdin": false,
            "AttachStdout": false,
            "AttachStderr": false,
            "ExposedPorts": {
                "80/tcp": {}
            },
            "Tty": false,
            "OpenStdin": false,
            "StdinOnce": false,
            "Env": [
                "PATH=/usr/local/apache2/bin:/usr/local/sbin:/usr/local/bin:/usr/sbin:/usr/bin:/sbin:/bin",
                "HTTPD_PREFIX=/usr/local/apache2",
                "HTTPD_VERSION=2.4.54",
                "HTTPD_SHA256=eb397feeefccaf254f8d45de3768d9d68e8e73851c49afd5b7176d1ecf80c340",
                "HTTPD_PATCHES="
            ],
            "Cmd": [
                "/bin/sh",
                "-c",
                "#(nop) ",
                "CMD [\"httpd-foreground\"]"
            ],
            "Image": "sha256:01f39eabc819474021c1dd302fa5b68733da0ab54c92caf4111b5ff849472def",
            "Volumes": null,
            "WorkingDir": "/usr/local/apache2",
            "Entrypoint": null,
            "OnBuild": null,
            "Labels": {},
            "StopSignal": "SIGWINCH"
        },
        "DockerVersion": "20.10.12",
        "Author": "",
        "Config": {
            "Hostname": "",
            "Domainname": "",
            "User": "",
            "AttachStdin": false,
            "AttachStdout": false,
            "AttachStderr": false,
            "ExposedPorts": {
                "80/tcp": {}
            },
            "Tty": false,
            "OpenStdin": false,
            "StdinOnce": false,
            "Env": [
                "PATH=/usr/local/apache2/bin:/usr/local/sbin:/usr/local/bin:/usr/sbin:/usr/bin:/sbin:/bin",
                "HTTPD_PREFIX=/usr/local/apache2",
                "HTTPD_VERSION=2.4.54",
                "HTTPD_SHA256=eb397feeefccaf254f8d45de3768d9d68e8e73851c49afd5b7176d1ecf80c340",
                "HTTPD_PATCHES="
            ],
            "Cmd": [
                "httpd-foreground"
            ],
            "Image": "sha256:01f39eabc819474021c1dd302fa5b68733da0ab54c92caf4111b5ff849472def",
            "Volumes": null,
            "WorkingDir": "/usr/local/apache2",
            "Entrypoint": null,
            "OnBuild": null,
            "Labels": null,
            "StopSignal": "SIGWINCH"
        },
        "Architecture": "amd64",
        "Os": "linux",
        "Size": 145077204,
        "VirtualSize": 145077204,
        "GraphDriver": {
            "Data": {
                "LowerDir": "/var/lib/docker/overlay2/f18fd0694f5f04ec879d65b700d7c789b872e75b8b05fe6f8e1443a84b387a64/diff:/var/lib/docker/overlay2/b2b6ee2aac27177ff07e0f130067f77ca8bcb967a0dbf99cda08077461e4251c/diff:/var/lib/docker/overlay2/20cc0d0b05ee155dbc0fafec9d19ebf0fa620aa580a35a6d1023ae4cc744e5a3/diff:/var/lib/docker/overlay2/ba8e3aa9fa7fdeb163cc111734744c6617070748e8d65f97b9f802e8ab5c89d5/diff",
                "MergedDir": "/var/lib/docker/overlay2/75146cd44b45748b940e69a87ea6a02548518d6e6b040a83423459e0828c152d/merged",
                "UpperDir": "/var/lib/docker/overlay2/75146cd44b45748b940e69a87ea6a02548518d6e6b040a83423459e0828c152d/diff",
                "WorkDir": "/var/lib/docker/overlay2/75146cd44b45748b940e69a87ea6a02548518d6e6b040a83423459e0828c152d/work"
            },
            "Name": "overlay2"
        },
        "RootFS": {
            "Type": "layers",
            "Layers": [
                "sha256:6485bed636274e42b47028c43ad5f9c036dd7cf2b40194bd556ddad2a98eea63",
                "sha256:34e2a1369fc5cd05979a1bc58f0bbb16778412cee6e696ec0b779bef574091c5",
                "sha256:c672c6903747b34d409d5bd7bd237a1e8a01aeb5a95557fdc19fbe2f21acc575",
                "sha256:c7c38e3c39adcfbfd0315f97f521054fe9c8ae758298d37aebba74862fdc077d",
                "sha256:01597d537f57d33370c31559a880654ee80571bb5e7c22584629576b4d72b834"
            ]
        },
        "Metadata": {
            "LastTagTime": "0001-01-01T00:00:00Z"
        }
    }
]
[root@dockerhost ~]#
[root@dockerhost ~]#
[root@dockerhost ~]#
[root@dockerhost ~]#
[root@dockerhost ~]# docker images
REPOSITORY                                         TAG             IMAGE ID       CREATED       SIZE
httpd                                              latest          a981c8992512   5 days ago    145MB
debian                                             bullseye-slim   2bb87fe5a1f3   5 days ago    80.4MB
ubuntu                                             latest          df5de72bdb3b   3 weeks ago   77.8MB
registry.access.redhat.com/rhscl/nginx-112-rhel7   latest          fc131486cd08   2 years ago   302MB
httpd                                              2.2             e06c3dbbfe23   4 years ago   171MB
[root@dockerhost ~]#
[root@dockerhost ~]#
[root@dockerhost ~]# docker rmi  df5de72bdb3b
Untagged: ubuntu:latest
Untagged: ubuntu@sha256:34fea4f31bf187bc915536831fd0afc9d214755bf700b5cdb1336c82516d154e
Deleted: sha256:df5de72bdb3b711aba4eca685b1f42c722cc8a1837ed3fbd548a9282af2d836d
Deleted: sha256:629d9dbab5edeac7fa51f205839d7f9bb629a5e83548da3a183fb66c22fe7af7
[root@dockerhost ~]#
[root@dockerhost ~]#
[root@dockerhost ~]# docker images
REPOSITORY                                         TAG             IMAGE ID       CREATED       SIZE
httpd                                              latest          a981c8992512   5 days ago    145MB
debian                                             bullseye-slim   2bb87fe5a1f3   5 days ago    80.4MB
registry.access.redhat.com/rhscl/nginx-112-rhel7   latest          fc131486cd08   2 years ago   302MB
httpd                                              2.2             e06c3dbbfe23   4 years ago   171MB
[root@dockerhost ~]# docker image prune
WARNING! This will remove all dangling images.
Are you sure you want to continue? [y/N] y
Total reclaimed space: 0B
[root@dockerhost ~]#




2) Basics command about the containers.




	 lab1:  how to create containers.



docker run (new created )   vs docker start (it is shutdown mode then it start)


docker attach  

it only for raw container
it dont start new shell process . it use existing shell container .


docker exec -it  bash

1) it trigger any command inside container without login
2)  it can provide login as well in new shell.
3) it  work for raw/service containers .



        "2.4.48-alpine",
        "2.4.48-alpine3.13",
        "2.4.48-alpine3.14",
        "2.4.48-buster",
        "2.4.49",
        "2.4.49-alpine",
        "2.4.49-alpine3.14",
        "2.4.49-buster",
        "2.4.50",
        "2.4.50-alpine",
        "2.4.50-alpine3.14",
        "2.4.50-buster",
        "2.4.51",
        "2.4.51-alpine",
        "2.4.51-alpine3.14",
        "2.4.51-alpine3.15",
        "2.4.51-bullseye",
        "2.4.51-buster",
        "2.4.52",
        "2.4.52-alpine",
        "2.4.52-alpine3.15",
        "2.4.52-bullseye",
        "2.4.53",
        "2.4.53-alpine",
        "2.4.53-alpine3.15",
        "2.4.53-alpine3.16",
        "2.4.53-bullseye",
        "2.4.54",
        "2.4.54-alpine",
        "2.4.54-alpine3.16",
        "2.4.54-bullseye",
        "alpine",
        "alpine3.13",
        "alpine3.14",
        "alpine3.15",
        "alpine3.16",
        "bullseye",
        "buster",
        "latest"
    ],
    "Created": "2022-08-23T03:32:16.382564167Z",
    "DockerVersion": "20.10.12",
    "Labels": null,
    "Architecture": "amd64",
    "Os": "linux",
    "Layers": [
        "sha256:7a6db449b51b92eac5c81cdbd82917785343f1664b2be57b22337b0a40c5b29d",
        "sha256:b4effd428409f1da4dc8c896afb9818ef1ba24be5e7e5e3d86dea650ac3ed8bc",
        "sha256:6b29c2b62286e254216da297b4066a4bb79b918bc02811ba954bd7b8fd51360b",
        "sha256:c2123effa3fcb96c62bf4d891147aef09029d429321bfb4c6a535fa3ca7e13d6",
        "sha256:152876b0d24a5561415915c652dceeb3bcd5080dc24c3994e77343a81f64b9f1"
    ],
    "Env": [
        "PATH=/usr/local/apache2/bin:/usr/local/sbin:/usr/local/bin:/usr/sbin:/usr/bin:/sbin:/bin",
        "HTTPD_PREFIX=/usr/local/apache2",
        "HTTPD_VERSION=2.4.54",
        "HTTPD_SHA256=eb397feeefccaf254f8d45de3768d9d68e8e73851c49afd5b7176d1ecf80c340",
        "HTTPD_PATCHES="
    ]
}
[root@dockerhost ~]# docker pull httpd:2.4.18
2.4.18: Pulling from library/httpd
Image docker.io/library/httpd:2.4.18 uses outdated schema1 manifest format. Please upgrade to a schema2 image for betmpatibility. More information at https://docs.docker.com/registry/spec/deprecated-schema-v1/
fdd5d7827f33: Pull complete
a3ed95caeb02: Pull complete
6dda107bf71b: Pull complete
86e2da0d8a9f: Pull complete
6acf2ff123fe: Pull complete
94a268baee66: Pull complete
Digest: sha256:bcfcee1fe86942a96c0b1ee9c2f1aaaca9c5d0f9d261ed48dff50f41ad31e1ac
Status: Downloaded newer image for httpd:2.4.18
docker.io/library/httpd:2.4.18
[root@dockerhost ~]#
[root@dockerhost ~]#
[root@dockerhost ~]# registry.access.redhat.com
-bash: registry.access.redhat.com: command not found
[root@dockerhost ~]#
[root@dockerhost ~]# quay.io
-bash: quay.io: command not found
[root@dockerhost ~]#
[root@dockerhost ~]# docker search ramprakashupadhyay123
NAME                                       DESCRIPTION               STARS     OFFICIAL   AUTOMATED
ramprakashupadhyay123/opesnhift                                      0
ramprakashupadhyay123/website                                        0
ramprakashupadhyay123/kubernetes                                     0
ramprakashupadhyay123/krnetworkimage       this is est               0
ramprakashupadhyay123/apache               apache base image         0
ramprakashupadhyay123/eap                                            0
ramprakashupadhyay123/testapache                                     0
ramprakashupadhyay123/postgresql           this is postgresq image   0
ramprakashupadhyay123/php                  docker intregration       0
ramprakashupadhyay123/apacheimg                                      0
ramprakashupadhyay123/websiteimg                                     0
ramprakashupadhyay123/morningbatch                                   0
ramprakashupadhyay123/demoapplication      demoapplication           0
ramprakashupadhyay123/webui                                          0
ramprakashupadhyay123/afternoonbatch       latest ,v1                0
ramprakashupadhyay123/dockercompose                                  0
ramprakashupadhyay123/mycompanywebist      v2  v3 v5                 0
ramprakashupadhyay123/dotnet                                         0
ramprakashupadhyay123/dockerbatch-apache                             0
ramprakashupadhyay123/jboss                                          0
ramprakashupadhyay123/tested                                         0
ramprakashupadhyay123/centosapache                                   0
ramprakashupadhyay123/ruby                                           0
ramprakashupadhyay123/mycompanywebiste                               0
ramprakashupadhyay123/testdemo                                       0
[root@dockerhost ~]# ls /var/lib/docker/
buildkit  containers  image  network  overlay2  plugins  runtimes  swarm  tmp  trust  volumes
[root@dockerhost ~]#
[root@dockerhost ~]#
[root@dockerhost ~]#
[root@dockerhost ~]# docker ps
[root@dockerhost ~]# docker ps
CONTAINER ID   IMAGE     COMMAND   CREATED   STATUS    PORTS     NAMES
[root@dockerhost ~]#
[root@dockerhost ~]#
[root@dockerhost ~]# docker images
REPOSITORY                                         TAG             IMAGE ID       CREATED       SIZE
httpd                                              latest          a981c8992512   5 days ago    145MB
debian                                             bullseye-slim   2bb87fe5a1f3   5 days ago    80.4MB
registry.access.redhat.com/rhscl/nginx-112-rhel7   latest          fc131486cd08   2 years ago   302MB
httpd                                              2.2             e06c3dbbfe23   4 years ago   171MB
httpd                                              2.4.18          d10e4c3e7ec9   6 years ago   193MB
[root@dockerhost ~]#
[root@dockerhost ~]#
[root@dockerhost ~]#
[root@dockerhost ~]# docker   run   -d  --name=test  httpd
10cabe20711f6226c06352c0cdd4f767585e0b47b40c7f1a88a143bd3d435ab4
[root@dockerhost ~]#
[root@dockerhost ~]#
[root@dockerhost ~]# docker ps
CONTAINER ID   IMAGE     COMMAND              CREATED          STATUS          PORTS     NAMES
10cabe20711f   httpd     "httpd-foreground"   24 seconds ago   Up 23 seconds   80/tcp    test
[root@dockerhost ~]#
[root@dockerhost ~]# ls /var/lib/docker/containers/
10cabe20711f6226c06352c0cdd4f767585e0b47b40c7f1a88a143bd3d435ab4
[root@dockerhost ~]#
[root@dockerhost ~]#
[root@dockerhost ~]# docker top test
UID                 PID                 PPID                C                   STIME               TTY                        CMD
root                2602                2583                0                   11:32               ?                          httpd -DFOREGROUND
33                  2627                2602                0                   11:32               ?                          httpd -DFOREGROUND
33                  2628                2602                0                   11:32               ?                          httpd -DFOREGROUND
33                  2629                2602                0                   11:32               ?                          httpd -DFOREGROUND
[root@dockerhost ~]#
[root@dockerhost ~]#
[root@dockerhost ~]#
[root@dockerhost ~]#
[root@dockerhost ~]#
[root@dockerhost ~]# docker ps
CONTAINER ID   IMAGE     COMMAND              CREATED         STATUS         PORTS     NAMES
10cabe20711f   httpd     "httpd-foreground"   3 minutes ago   Up 3 minutes   80/tcp    test
[root@dockerhost ~]#
[root@dockerhost ~]# docker top  test
UID                 PID                 PPID                C                   STIME               TTY                   CMD
root                2602                2583                0                   11:32               ?                     httpd -DFOREGROUND
33                  2627                2602                0                   11:32               ?                     httpd -DFOREGROUND
33                  2628                2602                0                   11:32               ?                     httpd -DFOREGROUND
33                  2629                2602                0                   11:32               ?                     httpd -DFOREGROUND
[root@dockerhost ~]#
[root@dockerhost ~]#
[root@dockerhost ~]# docker exec -it  test  bash
root@10cabe20711f:/usr/local/apache2# cd
root@10cabe20711f:~#
root@10cabe20711f:~# touch ab
root@10cabe20711f:~# exit
exit
[root@dockerhost ~]#
[root@dockerhost ~]# ls
apache  demo  noedjs  run.sh  test  test.yml  wpmysql
[root@dockerhost ~]# docker stop  test
test
[root@dockerhost ~]# docker start test
test
[root@dockerhost ~]# docker exec -it  test  bash
root@10cabe20711f:/usr/local/apache2# cd
root@10cabe20711f:~#
root@10cabe20711f:~# ls
ab
root@10cabe20711f:~# exit
exit
[root@dockerhost ~]# docker stop  test
test
[root@dockerhost ~]#
[root@dockerhost ~]# docker rm  test
test
[root@dockerhost ~]# docker images
REPOSITORY                                         TAG             IMAGE ID       CREATED       SIZE
httpd                                              latest          a981c8992512   5 days ago    145MB
debian                                             bullseye-slim   2bb87fe5a1f3   5 days ago    80.4MB
registry.access.redhat.com/rhscl/nginx-112-rhel7   latest          fc131486cd08   2 years ago   302MB
httpd                                              2.2             e06c3dbbfe23   4 years ago   171MB
httpd                                              2.4.18          d10e4c3e7ec9   6 years ago   193MB
[root@dockerhost ~]# docker   run   -d  --name=test  httpd
[root@dockerhost ~]# docker   run   -d  --name=test  httpd
1ab756b0731edffcdaa5453cc173310fa6df5506266a2800345304333e7ce0a9
[root@dockerhost ~]#
[root@dockerhost ~]#
[root@dockerhost ~]# docker  container  inspect   test
[
    {
        "Id": "1ab756b0731edffcdaa5453cc173310fa6df5506266a2800345304333e7ce0a9",
        "Created": "2022-08-28T11:43:26.032913223Z",
        "Path": "httpd-foreground",
        "Args": [],
        "State": {
            "Status": "running",
            "Running": true,
            "Paused": false,
            "Restarting": false,
            "OOMKilled": false,
            "Dead": false,
            "Pid": 5626,
            "ExitCode": 0,
            "Error": "",
            "StartedAt": "2022-08-28T11:43:26.395202852Z",
            "FinishedAt": "0001-01-01T00:00:00Z"
        },
        "Image": "sha256:a981c8992512d65c9b450a9ecabb1cb9d35bb6b03f3640f86471032d5800d825",
        "ResolvConfPath": "/var/lib/docker/containers/1ab756b0731edffcdaa5453cc173310fa6df5506266a2800345304333e7ce0a",
        "HostnamePath": "/var/lib/docker/containers/1ab756b0731edffcdaa5453cc173310fa6df5506266a2800345304333e7ce0a9/
        "HostsPath": "/var/lib/docker/containers/1ab756b0731edffcdaa5453cc173310fa6df5506266a2800345304333e7ce0a9/hos
        "LogPath": "/var/lib/docker/containers/1ab756b0731edffcdaa5453cc173310fa6df5506266a2800345304333e7ce0a9/1ab75a5453cc173310fa6df5506266a2800345304333e7ce0a9-json.log",
        "Name": "/test",
        "RestartCount": 0,
        "Driver": "overlay2",
        "Platform": "linux",
        "MountLabel": "",
        "ProcessLabel": "",
        "AppArmorProfile": "",
        "ExecIDs": null,
        "HostConfig": {
            "Binds": null,
            "ContainerIDFile": "",
            "LogConfig": {
                "Type": "json-file",
                "Config": {}
            },
            "NetworkMode": "default",
            "PortBindings": {},
            "RestartPolicy": {
                "Name": "no",
                "MaximumRetryCount": 0
            },
            "AutoRemove": false,
            "VolumeDriver": "",
            "VolumesFrom": null,
            "CapAdd": null,
            "CapDrop": null,
            "CgroupnsMode": "host",
            "Dns": [],
            "DnsOptions": [],
            "DnsSearch": [],
            "ExtraHosts": null,
            "GroupAdd": null,
            "IpcMode": "private",
            "Cgroup": "",
            "Links": null,
            "OomScoreAdj": 0,
            "PidMode": "",
            "Privileged": false,
            "PublishAllPorts": false,
            "ReadonlyRootfs": false,
            "SecurityOpt": null,
            "UTSMode": "",
            "UsernsMode": "",
            "ShmSize": 67108864,
            "Runtime": "runc",
            "ConsoleSize": [
                0,
                0
            ],
            "Isolation": "",
            "CpuShares": 0,
            "Memory": 0,
            "NanoCpus": 0,
            "CgroupParent": "",
            "BlkioWeight": 0,
            "BlkioWeightDevice": [],
            "BlkioDeviceReadBps": null,
            "BlkioDeviceWriteBps": null,
            "BlkioDeviceReadIOps": null,
            "BlkioDeviceWriteIOps": null,
            "CpuPeriod": 0,
            "CpuQuota": 0,
            "CpuRealtimePeriod": 0,
            "CpuRealtimeRuntime": 0,
            "CpusetCpus": "",
            "CpusetMems": "",
            "Devices": [],
            "DeviceCgroupRules": null,
            "DeviceRequests": null,
            "KernelMemory": 0,
            "KernelMemoryTCP": 0,
            "MemoryReservation": 0,
            "MemorySwap": 0,
            "MemorySwappiness": null,
            "OomKillDisable": false,
            "PidsLimit": null,
            "Ulimits": null,
            "CpuCount": 0,
            "CpuPercent": 0,
            "IOMaximumIOps": 0,
            "IOMaximumBandwidth": 0,
            "MaskedPaths": [
                "/proc/asound",
                "/proc/acpi",
                "/proc/kcore",
                "/proc/keys",
                "/proc/latency_stats",
                "/proc/timer_list",
                "/proc/timer_stats",
                "/proc/sched_debug",
                "/proc/scsi",
                "/sys/firmware"
            ],
            "ReadonlyPaths": [
                "/proc/bus",
                "/proc/fs",
                "/proc/irq",
                "/proc/sys",
                "/proc/sysrq-trigger"
            ]
        },
        "GraphDriver": {
            "Data": {
                "LowerDir": "/var/lib/docker/overlay2/f404296844b0d803b64d92fea062376dc9aaf0650e6a1bff60fb1a01bbe7e86var/lib/docker/overlay2/75146cd44b45748b940e69a87ea6a02548518d6e6b040a83423459e0828c152d/diff:/var/lib/docker/overlayf04ec879d65b700d7c789b872e75b8b05fe6f8e1443a84b387a64/diff:/var/lib/docker/overlay2/b2b6ee2aac27177ff07e0f130067f77ca9cda08077461e4251c/diff:/var/lib/docker/overlay2/20cc0d0b05ee155dbc0fafec9d19ebf0fa620aa580a35a6d1023ae4cc744e5a3/difcker/overlay2/ba8e3aa9fa7fdeb163cc111734744c6617070748e8d65f97b9f802e8ab5c89d5/diff",
                "MergedDir": "/var/lib/docker/overlay2/f404296844b0d803b64d92fea062376dc9aaf0650e6a1bff60fb1a01bbe7e8
                "UpperDir": "/var/lib/docker/overlay2/f404296844b0d803b64d92fea062376dc9aaf0650e6a1bff60fb1a01bbe7e86
                "WorkDir": "/var/lib/docker/overlay2/f404296844b0d803b64d92fea062376dc9aaf0650e6a1bff60fb1a01bbe7e866
            },
            "Name": "overlay2"
        },
        "Mounts": [],
        "Config": {
            "Hostname": "1ab756b0731e",
            "Domainname": "",
            "User": "",
            "AttachStdin": false,
            "AttachStdout": false,
            "AttachStderr": false,
            "ExposedPorts": {
                "80/tcp": {}
            },
            "Tty": false,
            "OpenStdin": false,
            "StdinOnce": false,
            "Env": [
                "PATH=/usr/local/apache2/bin:/usr/local/sbin:/usr/local/bin:/usr/sbin:/usr/bin:/sbin:/bin",
                "HTTPD_PREFIX=/usr/local/apache2",
                "HTTPD_VERSION=2.4.54",
                "HTTPD_SHA256=eb397feeefccaf254f8d45de3768d9d68e8e73851c49afd5b7176d1ecf80c340",
                "HTTPD_PATCHES="
            ],
            "Cmd": [
                "httpd-foreground"
            ],
            "Image": "httpd",
            "Volumes": null,
            "WorkingDir": "/usr/local/apache2",
            "Entrypoint": null,
            "OnBuild": null,
            "Labels": {},
            "StopSignal": "SIGWINCH"
        },
        "NetworkSettings": {
            "Bridge": "",
            "SandboxID": "d90c4f065f7e30a80e315770cea944b5348a525c5cf2e65b08e2181c4ff5e06a",
            "HairpinMode": false,
            "LinkLocalIPv6Address": "",
            "LinkLocalIPv6PrefixLen": 0,
            "Ports": {
                "80/tcp": null
            },
            "SandboxKey": "/var/run/docker/netns/d90c4f065f7e",
            "SecondaryIPAddresses": null,
            "SecondaryIPv6Addresses": null,
            "EndpointID": "f46253c08737b845a1ecabfa1f78edfa6964c58a6697b64a04f1be3a5e34bb0e",
            "Gateway": "172.17.0.1",
            "GlobalIPv6Address": "",
            "GlobalIPv6PrefixLen": 0,
            "IPAddress": "172.17.0.2",
            "IPPrefixLen": 16,
            "IPv6Gateway": "",
            "MacAddress": "02:42:ac:11:00:02",
            "Networks": {
                "bridge": {
                    "IPAMConfig": null,
                    "Links": null,
                    "Aliases": null,
                    "NetworkID": "b898b3c35c175118b51941a0705b01e3dcf39fd525f975859a647dcff44f5fed",
                    "EndpointID": "f46253c08737b845a1ecabfa1f78edfa6964c58a6697b64a04f1be3a5e34bb0e",
                    "Gateway": "172.17.0.1",
                    "IPAddress": "172.17.0.2",
                    "IPPrefixLen": 16,
                    "IPv6Gateway": "",
                    "GlobalIPv6Address": "",
                    "GlobalIPv6PrefixLen": 0,
                    "MacAddress": "02:42:ac:11:00:02",
                    "DriverOpts": null
                }
            }
        }
    }
]
[root@dockerhost ~]# ping 172.17.0.2
PING 172.17.0.2 (172.17.0.2) 56(84) bytes of data.
64 bytes from 172.17.0.2: icmp_seq=1 ttl=64 time=0.062 ms
64 bytes from 172.17.0.2: icmp_seq=2 ttl=64 time=0.043 ms
64 bytes from 172.17.0.2: icmp_seq=3 ttl=64 time=0.064 ms
64 bytes from 172.17.0.2: icmp_seq=4 ttl=64 time=0.047 ms
64 bytes from 172.17.0.2: icmp_seq=5 ttl=64 time=0.047 ms
64 bytes from 172.17.0.2: icmp_seq=6 ttl=64 time=0.048 ms
64 bytes from 172.17.0.2: icmp_seq=7 ttl=64 time=0.049 ms
64 bytes from 172.17.0.2: icmp_seq=8 ttl=64 time=0.048 ms
64 bytes from 172.17.0.2: icmp_seq=9 ttl=64 time=0.048 ms
64 bytes from 172.17.0.2: icmp_seq=10 ttl=64 time=0.047 ms
64 bytes from 172.17.0.2: icmp_seq=11 ttl=64 time=0.048 ms
64 bytes from 172.17.0.2: icmp_seq=12 ttl=64 time=0.048 ms
64 bytes from 172.17.0.2: icmp_seq=13 ttl=64 time=0.048 ms
64 bytes from 172.17.0.2: icmp_seq=14 ttl=64 time=0.048 ms
64 bytes from 172.17.0.2: icmp_seq=15 ttl=64 time=0.048 ms
64 bytes from 172.17.0.2: icmp_seq=16 ttl=64 time=0.047 ms
64 bytes from 172.17.0.2: icmp_seq=17 ttl=64 time=0.049 ms
64 bytes from 172.17.0.2: icmp_seq=18 ttl=64 time=0.047 ms
64 bytes from 172.17.0.2: icmp_seq=19 ttl=64 time=0.048 ms
64 bytes from 172.17.0.2: icmp_seq=20 ttl=64 time=0.052 ms
64 bytes from 172.17.0.2: icmp_seq=21 ttl=64 time=0.048 ms
64 bytes from 172.17.0.2: icmp_seq=22 ttl=64 time=0.046 ms
^C
--- 172.17.0.2 ping statistics ---
22 packets transmitted, 22 received, 0% packet loss, time 20999ms
rtt min/avg/max/mdev = 0.043/0.049/0.064/0.005 ms
[root@dockerhost ~]#
[root@dockerhost ~]#
[root@dockerhost ~]#
[root@dockerhost ~]#
[root@dockerhost ~]#
[root@dockerhost ~]# docker stats test
CONTAINER ID   NAME      CPU %     MEM USAGE / LIMIT     MEM %     NET I/O          BLOCK I/O   PIDS
1ab756b0731e   test      0.00%     2.805MiB / 1.793GiB   0.15%     2.9kB / 2.24kB   0B / 0B     82
CONTAINER ID   NAME      CPU %     MEM USAGE / LIMIT     MEM %     NET I/O          BLOCK I/O   PIDS
1ab756b0731e   test      0.00%     2.805MiB / 1.793GiB   0.15%     2.9kB / 2.24kB   0B / 0B     82
CONTAINER ID   NAME      CPU %     MEM USAGE / LIMIT     MEM %     NET I/O          BLOCK I/O   PIDS
1ab756b0731e   test      0.00%     2.805MiB / 1.793GiB   0.15%     2.9kB / 2.24kB   0B / 0B     82
CONTAINER ID   NAME      CPU %     MEM USAGE / LIMIT     MEM %     NET I/O          BLOCK I/O   PIDS
1ab756b0731e   test      0.00%     2.805MiB / 1.793GiB   0.15%     2.9kB / 2.24kB   0B / 0B     82
CONTAINER ID   NAME      CPU %     MEM USAGE / LIMIT     MEM %     NET I/O          BLOCK I/O   PIDS
1ab756b0731e   test      0.01%     2.805MiB / 1.793GiB   0.15%     2.9kB / 2.24kB   0B / 0B     82
CONTAINER ID   NAME      CPU %     MEM USAGE / LIMIT     MEM %     NET I/O          BLOCK I/O   PIDS
1ab756b0731e   test      0.01%     2.805MiB / 1.793GiB   0.15%     2.9kB / 2.24kB   0B / 0B     82
CONTAINER ID   NAME      CPU %     MEM USAGE / LIMIT     MEM %     NET I/O          BLOCK I/O   PIDS
1ab756b0731e   test      0.01%     2.805MiB / 1.793GiB   0.15%     2.9kB / 2.24kB   0B / 0B     82
CONTAINER ID   NAME      CPU %     MEM USAGE / LIMIT     MEM %     NET I/O          BLOCK I/O   PIDS
1ab756b0731e   test      0.01%     2.805MiB / 1.793GiB   0.15%     2.9kB / 2.24kB   0B / 0B     82
CONTAINER ID   NAME      CPU %     MEM USAGE / LIMIT     MEM %     NET I/O          BLOCK I/O   PIDS
1ab756b0731e   test      0.00%     2.805MiB / 1.793GiB   0.15%     2.9kB / 2.24kB   0B / 0B     82
CONTAINER ID   NAME      CPU %     MEM USAGE / LIMIT     MEM %     NET I/O          BLOCK I/O   PIDS
1ab756b0731e   test      0.00%     2.805MiB / 1.793GiB   0.15%     2.9kB / 2.24kB   0B / 0B     82
CONTAINER ID   NAME      CPU %     MEM USAGE / LIMIT     MEM %     NET I/O          BLOCK I/O   PIDS
1ab756b0731e   test      0.00%     2.805MiB / 1.793GiB   0.15%     2.9kB / 2.24kB   0B / 0B     82
CONTAINER ID   NAME      CPU %     MEM USAGE / LIMIT     MEM %     NET I/O          BLOCK I/O   PIDS
1ab756b0731e   test      0.00%     2.805MiB / 1.793GiB   0.15%     2.9kB / 2.24kB   0B / 0B     82
CONTAINER ID   NAME      CPU %     MEM USAGE / LIMIT     MEM %     NET I/O          BLOCK I/O   PIDS
1ab756b0731e   test      0.00%     2.805MiB / 1.793GiB   0.15%     2.9kB / 2.24kB   0B / 0B     82
CONTAINER ID   NAME      CPU %     MEM USAGE / LIMIT     MEM %     NET I/O          BLOCK I/O   PIDS
1ab756b0731e   test      0.00%     2.805MiB / 1.793GiB   0.15%     2.9kB / 2.24kB   0B / 0B     82
CONTAINER ID   NAME      CPU %     MEM USAGE / LIMIT     MEM %     NET I/O          BLOCK I/O   PIDS
1ab756b0731e   test      0.00%     2.805MiB / 1.793GiB   0.15%     2.9kB / 2.24kB   0B / 0B     82
CONTAINER ID   NAME      CPU %     MEM USAGE / LIMIT     MEM %     NET I/O          BLOCK I/O   PIDS
1ab756b0731e   test      0.00%     2.805MiB / 1.793GiB   0.15%     2.9kB / 2.24kB   0B / 0B     82
CONTAINER ID   NAME      CPU %     MEM USAGE / LIMIT     MEM %     NET I/O          BLOCK I/O   PIDS
1ab756b0731e   test      0.01%     2.805MiB / 1.793GiB   0.15%     2.9kB / 2.24kB   0B / 0B     82
CONTAINER ID   NAME      CPU %     MEM USAGE / LIMIT     MEM %     NET I/O          BLOCK I/O   PIDS
1ab756b0731e   test      0.01%     2.805MiB / 1.793GiB   0.15%     2.9kB / 2.24kB   0B / 0B     82
CONTAINER ID   NAME      CPU %     MEM USAGE / LIMIT     MEM %     NET I/O          BLOCK I/O   PIDS
1ab756b0731e   test      0.01%     2.805MiB / 1.793GiB   0.15%     2.9kB / 2.24kB   0B / 0B     82
CONTAINER ID   NAME      CPU %     MEM USAGE / LIMIT     MEM %     NET I/O          BLOCK I/O   PIDS
1ab756b0731e   test      0.01%     2.805MiB / 1.793GiB   0.15%     2.9kB / 2.24kB   0B / 0B     82
CONTAINER ID   NAME      CPU %     MEM USAGE / LIMIT     MEM %     NET I/O          BLOCK I/O   PIDS
1ab756b0731e   test      0.00%     2.805MiB / 1.793GiB   0.15%     2.9kB / 2.24kB   0B / 0B     82
CONTAINER ID   NAME      CPU %     MEM USAGE / LIMIT     MEM %     NET I/O          BLOCK I/O   PIDS
1ab756b0731e   test      0.00%     2.805MiB / 1.793GiB   0.15%     2.9kB / 2.24kB   0B / 0B     82
CONTAINER ID   NAME      CPU %     MEM USAGE / LIMIT     MEM %     NET I/O          BLOCK I/O   PIDS
1ab756b0731e   test      0.01%     2.805MiB / 1.793GiB   0.15%     2.9kB / 2.24kB   0B / 0B     82
CONTAINER ID   NAME      CPU %     MEM USAGE / LIMIT     MEM %     NET I/O          BLOCK I/O   PIDS
1ab756b0731e   test      0.01%     2.805MiB / 1.793GiB   0.15%     2.9kB / 2.24kB   0B / 0B     82
CONTAINER ID   NAME      CPU %     MEM USAGE / LIMIT     MEM %     NET I/O          BLOCK I/O   PIDS
1ab756b0731e   test      0.01%     2.805MiB / 1.793GiB   0.15%     2.9kB / 2.24kB   0B / 0B     82
CONTAINER ID   NAME      CPU %     MEM USAGE / LIMIT     MEM %     NET I/O          BLOCK I/O   PIDS
1ab756b0731e   test      0.01%     2.805MiB / 1.793GiB   0.15%     2.9kB / 2.24kB   0B / 0B     82
CONTAINER ID   NAME      CPU %     MEM USAGE / LIMIT     MEM %     NET I/O          BLOCK I/O   PIDS
1ab756b0731e   test      0.01%     2.805MiB / 1.793GiB   0.15%     2.9kB / 2.24kB   0B / 0B     82
CONTAINER ID   NAME      CPU %     MEM USAGE / LIMIT     MEM %     NET I/O          BLOCK I/O   PIDS
1ab756b0731e   test      0.01%     2.805MiB / 1.793GiB   0.15%     2.9kB / 2.24kB   0B / 0B     82
CONTAINER ID   NAME      CPU %     MEM USAGE / LIMIT     MEM %     NET I/O          BLOCK I/O   PIDS
1ab756b0731e   test      0.00%     2.805MiB / 1.793GiB   0.15%     2.9kB / 2.24kB   0B / 0B     82
CONTAINER ID   NAME      CPU %     MEM USAGE / LIMIT     MEM %     NET I/O          BLOCK I/O   PIDS
1ab756b0731e   test      0.00%     2.805MiB / 1.793GiB   0.15%     2.9kB / 2.24kB   0B / 0B     82
CONTAINER ID   NAME      CPU %     MEM USAGE / LIMIT     MEM %     NET I/O          BLOCK I/O   PIDS
1ab756b0731e   test      0.01%     2.805MiB / 1.793GiB   0.15%     2.9kB / 2.24kB   0B / 0B     82
CONTAINER ID   NAME      CPU %     MEM USAGE / LIMIT     MEM %     NET I/O          BLOCK I/O   PIDS
1ab756b0731e   test      0.01%     2.805MiB / 1.793GiB   0.15%     2.9kB / 2.24kB   0B / 0B     82
CONTAINER ID   NAME      CPU %     MEM USAGE / LIMIT     MEM %     NET I/O          BLOCK I/O   PIDS
1ab756b0731e   test      0.07%     2.805MiB / 1.793GiB   0.15%     2.9kB / 2.24kB   0B / 0B     82
CONTAINER ID   NAME      CPU %     MEM USAGE / LIMIT     MEM %     NET I/O          BLOCK I/O   PIDS
1ab756b0731e   test      0.07%     2.805MiB / 1.793GiB   0.15%     2.9kB / 2.24kB   0B / 0B     82
CONTAINER ID   NAME      CPU %     MEM USAGE / LIMIT     MEM %     NET I/O          BLOCK I/O   PIDS
1ab756b0731e   test      0.01%     2.805MiB / 1.793GiB   0.15%     2.9kB / 2.24kB   0B / 0B     82
CONTAINER ID   NAME      CPU %     MEM USAGE / LIMIT     MEM %     NET I/O          BLOCK I/O   PIDS
1ab756b0731e   test      0.01%     2.805MiB / 1.793GiB   0.15%     2.9kB / 2.24kB   0B / 0B     82
CONTAINER ID   NAME      CPU %     MEM USAGE / LIMIT     MEM %     NET I/O          BLOCK I/O   PIDS
1ab756b0731e   test      0.01%     2.805MiB / 1.793GiB   0.15%     2.9kB / 2.24kB   0B / 0B     82
CONTAINER ID   NAME      CPU %     MEM USAGE / LIMIT     MEM %     NET I/O          BLOCK I/O   PIDS
1ab756b0731e   test      0.01%     2.805MiB / 1.793GiB   0.15%     2.9kB / 2.24kB   0B / 0B     82
CONTAINER ID   NAME      CPU %     MEM USAGE / LIMIT     MEM %     NET I/O          BLOCK I/O   PIDS
1ab756b0731e   test      0.01%     2.805MiB / 1.793GiB   0.15%     2.9kB / 2.24kB   0B / 0B     82
CONTAINER ID   NAME      CPU %     MEM USAGE / LIMIT     MEM %     NET I/O          BLOCK I/O   PIDS
1ab756b0731e   test      0.01%     2.805MiB / 1.793GiB   0.15%     2.9kB / 2.24kB   0B / 0B     82
CONTAINER ID   NAME      CPU %     MEM USAGE / LIMIT     MEM %     NET I/O          BLOCK I/O   PIDS
1ab756b0731e   test      0.01%     2.805MiB / 1.793GiB   0.15%     2.9kB / 2.24kB   0B / 0B     82
CONTAINER ID   NAME      CPU %     MEM USAGE / LIMIT     MEM %     NET I/O          BLOCK I/O   PIDS
1ab756b0731e   test      0.01%     2.805MiB / 1.793GiB   0.15%     2.9kB / 2.24kB   0B / 0B     82
CONTAINER ID   NAME      CPU %     MEM USAGE / LIMIT     MEM %     NET I/O          BLOCK I/O   PIDS
1ab756b0731e   test      0.00%     2.805MiB / 1.793GiB   0.15%     2.9kB / 2.24kB   0B / 0B     82
CONTAINER ID   NAME      CPU %     MEM USAGE / LIMIT     MEM %     NET I/O          BLOCK I/O   PIDS
1ab756b0731e   test      0.00%     2.805MiB / 1.793GiB   0.15%     2.9kB / 2.24kB   0B / 0B     82
CONTAINER ID   NAME      CPU %     MEM USAGE / LIMIT     MEM %     NET I/O          BLOCK I/O   PIDS
1ab756b0731e   test      0.01%     2.805MiB / 1.793GiB   0.15%     2.9kB / 2.24kB   0B / 0B     82
CONTAINER ID   NAME      CPU %     MEM USAGE / LIMIT     MEM %     NET I/O          BLOCK I/O   PIDS
1ab756b0731e   test      0.01%     2.805MiB / 1.793GiB   0.15%     2.9kB / 2.24kB   0B / 0B     82
CONTAINER ID   NAME      CPU %     MEM USAGE / LIMIT     MEM %     NET I/O          BLOCK I/O   PIDS
1ab756b0731e   test      0.01%     2.805MiB / 1.793GiB   0.15%     2.9kB / 2.24kB   0B / 0B     82
CONTAINER ID   NAME      CPU %     MEM USAGE / LIMIT     MEM %     NET I/O          BLOCK I/O   PIDS
1ab756b0731e   test      0.01%     2.805MiB / 1.793GiB   0.15%     2.9kB / 2.24kB   0B / 0B     82
CONTAINER ID   NAME      CPU %     MEM USAGE / LIMIT     MEM %     NET I/O          BLOCK I/O   PIDS
1ab756b0731e   test      0.01%     2.805MiB / 1.793GiB   0.15%     2.9kB / 2.24kB   0B / 0B     82
CONTAINER ID   NAME      CPU %     MEM USAGE / LIMIT     MEM %     NET I/O          BLOCK I/O   PIDS
1ab756b0731e   test      0.01%     2.805MiB / 1.793GiB   0.15%     2.9kB / 2.24kB   0B / 0B     82
CONTAINER ID   NAME      CPU %     MEM USAGE / LIMIT     MEM %     NET I/O          BLOCK I/O   PIDS
1ab756b0731e   test      0.01%     2.805MiB / 1.793GiB   0.15%     2.9kB / 2.24kB   0B / 0B     82
CONTAINER ID   NAME      CPU %     MEM USAGE / LIMIT     MEM %     NET I/O          BLOCK I/O   PIDS
1ab756b0731e   test      0.01%     2.805MiB / 1.793GiB   0.15%     2.9kB / 2.24kB   0B / 0B     82
CONTAINER ID   NAME      CPU %     MEM USAGE / LIMIT     MEM %     NET I/O          BLOCK I/O   PIDS
1ab756b0731e   test      0.01%     2.805MiB / 1.793GiB   0.15%     2.9kB / 2.24kB   0B / 0B     82
CONTAINER ID   NAME      CPU %     MEM USAGE / LIMIT     MEM %     NET I/O          BLOCK I/O   PIDS
1ab756b0731e   test      0.01%     2.805MiB / 1.793GiB   0.15%     2.9kB / 2.24kB   0B / 0B     82
CONTAINER ID   NAME      CPU %     MEM USAGE / LIMIT     MEM %     NET I/O          BLOCK I/O   PIDS
1ab756b0731e   test      0.00%     2.805MiB / 1.793GiB   0.15%     2.9kB / 2.24kB   0B / 0B     82
CONTAINER ID   NAME      CPU %     MEM USAGE / LIMIT     MEM %     NET I/O          BLOCK I/O   PIDS
1ab756b0731e   test      0.00%     2.805MiB / 1.793GiB   0.15%     2.9kB / 2.24kB   0B / 0B     82
CONTAINER ID   NAME      CPU %     MEM USAGE / LIMIT     MEM %     NET I/O          BLOCK I/O   PIDS
1ab756b0731e   test      0.01%     2.805MiB / 1.793GiB   0.15%     2.9kB / 2.24kB   0B / 0B     82
CONTAINER ID   NAME      CPU %     MEM USAGE / LIMIT     MEM %     NET I/O          BLOCK I/O   PIDS
1ab756b0731e   test      0.01%     2.805MiB / 1.793GiB   0.15%     2.9kB / 2.24kB   0B / 0B     82
CONTAINER ID   NAME      CPU %     MEM USAGE / LIMIT     MEM %     NET I/O          BLOCK I/O   PIDS
1ab756b0731e   test      0.00%     2.805MiB / 1.793GiB   0.15%     2.9kB / 2.24kB   0B / 0B     82
CONTAINER ID   NAME      CPU %     MEM USAGE / LIMIT     MEM %     NET I/O          BLOCK I/O   PIDS
1ab756b0731e   test      0.00%     2.805MiB / 1.793GiB   0.15%     2.9kB / 2.24kB   0B / 0B     82
CONTAINER ID   NAME      CPU %     MEM USAGE / LIMIT     MEM %     NET I/O          BLOCK I/O   PIDS
1ab756b0731e   test      0.01%     2.805MiB / 1.793GiB   0.15%     2.9kB / 2.24kB   0B / 0B     82
CONTAINER ID   NAME      CPU %     MEM USAGE / LIMIT     MEM %     NET I/O          BLOCK I/O   PIDS
1ab756b0731e   test      0.01%     2.805MiB / 1.793GiB   0.15%     2.9kB / 2.24kB   0B / 0B     82
CONTAINER ID   NAME      CPU %     MEM USAGE / LIMIT     MEM %     NET I/O          BLOCK I/O   PIDS
1ab756b0731e   test      0.01%     2.805MiB / 1.793GiB   0.15%     2.9kB / 2.24kB   0B / 0B     82
CONTAINER ID   NAME      CPU %     MEM USAGE / LIMIT     MEM %     NET I/O          BLOCK I/O   PIDS
1ab756b0731e   test      0.01%     2.805MiB / 1.793GiB   0.15%     2.9kB / 2.24kB   0B / 0B     82
CONTAINER ID   NAME      CPU %     MEM USAGE / LIMIT     MEM %     NET I/O          BLOCK I/O   PIDS
1ab756b0731e   test      0.01%     2.805MiB / 1.793GiB   0.15%     2.9kB / 2.24kB   0B / 0B     82
CONTAINER ID   NAME      CPU %     MEM USAGE / LIMIT     MEM %     NET I/O          BLOCK I/O   PIDS
1ab756b0731e   test      0.01%     2.805MiB / 1.793GiB   0.15%     2.9kB / 2.24kB   0B / 0B     82
CONTAINER ID   NAME      CPU %     MEM USAGE / LIMIT     MEM %     NET I/O          BLOCK I/O   PIDS
1ab756b0731e   test      0.01%     2.805MiB / 1.793GiB   0.15%     2.9kB / 2.24kB   0B / 0B     82
CONTAINER ID   NAME      CPU %     MEM USAGE / LIMIT     MEM %     NET I/O          BLOCK I/O   PIDS
1ab756b0731e   test      0.01%     2.805MiB / 1.793GiB   0.15%     2.9kB / 2.24kB   0B / 0B     82
CONTAINER ID   NAME      CPU %     MEM USAGE / LIMIT     MEM %     NET I/O          BLOCK I/O   PIDS
1ab756b0731e   test      0.01%     2.805MiB / 1.793GiB   0.15%     2.9kB / 2.24kB   0B / 0B     82
CONTAINER ID   NAME      CPU %     MEM USAGE / LIMIT     MEM %     NET I/O          BLOCK I/O   PIDS
1ab756b0731e   test      0.01%     2.805MiB / 1.793GiB   0.15%     2.9kB / 2.24kB   0B / 0B     82
CONTAINER ID   NAME      CPU %     MEM USAGE / LIMIT     MEM %     NET I/O          BLOCK I/O   PIDS
1ab756b0731e   test      0.01%     2.805MiB / 1.793GiB   0.15%     2.9kB / 2.24kB   0B / 0B     82
CONTAINER ID   NAME      CPU %     MEM USAGE / LIMIT     MEM %     NET I/O          BLOCK I/O   PIDS
1ab756b0731e   test      0.01%     2.805MiB / 1.793GiB   0.15%     2.9kB / 2.24kB   0B / 0B     82
CONTAINER ID   NAME      CPU %     MEM USAGE / LIMIT     MEM %     NET I/O          BLOCK I/O   PIDS
1ab756b0731e   test      0.01%     2.805MiB / 1.793GiB   0.15%     2.9kB / 2.24kB   0B / 0B     82
CONTAINER ID   NAME      CPU %     MEM USAGE / LIMIT     MEM %     NET I/O          BLOCK I/O   PIDS
1ab756b0731e   test      0.01%     2.805MiB / 1.793GiB   0.15%     2.9kB / 2.24kB   0B / 0B     82
CONTAINER ID   NAME      CPU %     MEM USAGE / LIMIT     MEM %     NET I/O          BLOCK I/O   PIDS
1ab756b0731e   test      0.01%     2.805MiB / 1.793GiB   0.15%     2.9kB / 2.24kB   0B / 0B     82
CONTAINER ID   NAME      CPU %     MEM USAGE / LIMIT     MEM %     NET I/O          BLOCK I/O   PIDS
1ab756b0731e   test      0.01%     2.805MiB / 1.793GiB   0.15%     2.9kB / 2.24kB   0B / 0B     82
CONTAINER ID   NAME      CPU %     MEM USAGE / LIMIT     MEM %     NET I/O          BLOCK I/O   PIDS
1ab756b0731e   test      0.01%     2.805MiB / 1.793GiB   0.15%     2.9kB / 2.24kB   0B / 0B     82
CONTAINER ID   NAME      CPU %     MEM USAGE / LIMIT     MEM %     NET I/O          BLOCK I/O   PIDS
1ab756b0731e   test      0.01%     2.805MiB / 1.793GiB   0.15%     2.9kB / 2.24kB   0B / 0B     82
CONTAINER ID   NAME      CPU %     MEM USAGE / LIMIT     MEM %     NET I/O          BLOCK I/O   PIDS
1ab756b0731e   test      0.01%     2.805MiB / 1.793GiB   0.15%     2.9kB / 2.24kB   0B / 0B     82
CONTAINER ID   NAME      CPU %     MEM USAGE / LIMIT     MEM %     NET I/O          BLOCK I/O   PIDS
1ab756b0731e   test      0.01%     2.805MiB / 1.793GiB   0.15%     2.9kB / 2.24kB   0B / 0B     82
CONTAINER ID   NAME      CPU %     MEM USAGE / LIMIT     MEM %     NET I/O          BLOCK I/O   PIDS
1ab756b0731e   test      0.01%     2.805MiB / 1.793GiB   0.15%     2.9kB / 2.24kB   0B / 0B     82
CONTAINER ID   NAME      CPU %     MEM USAGE / LIMIT     MEM %     NET I/O          BLOCK I/O   PIDS
1ab756b0731e   test      0.01%     2.805MiB / 1.793GiB   0.15%     2.9kB / 2.24kB   0B / 0B     82
CONTAINER ID   NAME      CPU %     MEM USAGE / LIMIT     MEM %     NET I/O          BLOCK I/O   PIDS
1ab756b0731e   test      0.01%     2.805MiB / 1.793GiB   0.15%     2.9kB / 2.24kB   0B / 0B     82
CONTAINER ID   NAME      CPU %     MEM USAGE / LIMIT     MEM %     NET I/O          BLOCK I/O   PIDS
1ab756b0731e   test      0.01%     2.805MiB / 1.793GiB   0.15%     2.9kB / 2.24kB   0B / 0B     82
CONTAINER ID   NAME      CPU %     MEM USAGE / LIMIT     MEM %     NET I/O          BLOCK I/O   PIDS
1ab756b0731e   test      0.01%     2.805MiB / 1.793GiB   0.15%     2.9kB / 2.24kB   0B / 0B     82
CONTAINER ID   NAME      CPU %     MEM USAGE / LIMIT     MEM %     NET I/O          BLOCK I/O   PIDS
1ab756b0731e   test      0.01%     2.805MiB / 1.793GiB   0.15%     2.9kB / 2.24kB   0B / 0B     82
CONTAINER ID   NAME      CPU %     MEM USAGE / LIMIT     MEM %     NET I/O          BLOCK I/O   PIDS
1ab756b0731e   test      0.01%     2.805MiB / 1.793GiB   0.15%     2.9kB / 2.24kB   0B / 0B     82
CONTAINER ID   NAME      CPU %     MEM USAGE / LIMIT     MEM %     NET I/O          BLOCK I/O   PIDS
1ab756b0731e   test      0.01%     2.805MiB / 1.793GiB   0.15%     2.9kB / 2.24kB   0B / 0B     82
CONTAINER ID   NAME      CPU %     MEM USAGE / LIMIT     MEM %     NET I/O          BLOCK I/O   PIDS
1ab756b0731e   test      0.01%     2.805MiB / 1.793GiB   0.15%     2.9kB / 2.24kB   0B / 0B     82
CONTAINER ID   NAME      CPU %     MEM USAGE / LIMIT     MEM %     NET I/O          BLOCK I/O   PIDS
1ab756b0731e   test      0.01%     2.805MiB / 1.793GiB   0.15%     2.9kB / 2.24kB   0B / 0B     82
CONTAINER ID   NAME      CPU %     MEM USAGE / LIMIT     MEM %     NET I/O          BLOCK I/O   PIDS
1ab756b0731e   test      0.01%     2.805MiB / 1.793GiB   0.15%     2.9kB / 2.24kB   0B / 0B     82
CONTAINER ID   NAME      CPU %     MEM USAGE / LIMIT     MEM %     NET I/O          BLOCK I/O   PIDS
1ab756b0731e   test      0.01%     2.805MiB / 1.793GiB   0.15%     2.9kB / 2.24kB   0B / 0B     82
CONTAINER ID   NAME      CPU %     MEM USAGE / LIMIT     MEM %     NET I/O          BLOCK I/O   PIDS
1ab756b0731e   test      0.01%     2.805MiB / 1.793GiB   0.15%     2.9kB / 2.24kB   0B / 0B     82
^C
[root@dockerhost ~]#
[root@dockerhost ~]#
[root@dockerhost ~]# docker stop test
test
[root@dockerhost ~]#
[root@dockerhost ~]#
[root@dockerhost ~]# docker rm test
test
[root@dockerhost ~]# docker   run   -d  --name=test  httpd
a364126aef242ca19e7cc420f44630e4de54cb45a0c7550d50dae2f4e8c78c62
[root@dockerhost ~]#
[root@dockerhost ~]#
[root@dockerhost ~]# docker exec -it test  sh
# exit
[root@dockerhost ~]#
[root@dockerhost ~]# docker exec -it test  bash
root@a364126aef24:/usr/local/apache2# cd
root@a364126aef24:~#
root@a364126aef24:~# exit
exit
[root@dockerhost ~]#
[root@dockerhost ~]#
[root@dockerhost ~]# docker system df
TYPE            TOTAL     ACTIVE    SIZE      RECLAIMABLE
Images          5         1         811.7MB   747MB (92%)
Containers      1         1         10B       0B (0%)
Local Volumes   0         0         0B        0B
Build Cache     0         0         0B        0B
[root@dockerhost ~]#
[root@dockerhost ~]#
[root@dockerhost ~]# docker images
REPOSITORY                                         TAG             IMAGE ID       CREATED       SIZE
httpd                                              latest          a981c8992512   5 days ago    145MB
debian                                             bullseye-slim   2bb87fe5a1f3   5 days ago    80.4MB
registry.access.redhat.com/rhscl/nginx-112-rhel7   latest          fc131486cd08   2 years ago   302MB
httpd                                              2.2             e06c3dbbfe23   4 years ago   171MB
httpd                                              2.4.18          d10e4c3e7ec9   6 years ago   193MB
[root@dockerhost ~]# docker stop  test
test
[root@dockerhost ~]# docker rm test
test
[root@dockerhost ~]#
[root@dockerhost ~]# docker images
REPOSITORY                                         TAG             IMAGE ID       CREATED       SIZE
httpd                                              latest          a981c8992512   5 days ago    145MB
debian                                             bullseye-slim   2bb87fe5a1f3   5 days ago    80.4MB
registry.access.redhat.com/rhscl/nginx-112-rhel7   latest          fc131486cd08   2 years ago   302MB
httpd                                              2.2             e06c3dbbfe23   4 years ago   171MB
httpd                                              2.4.18          d10e4c3e7ec9   6 years ago   193MB
[root@dockerhost ~]# history
    1  vi  /etc/ssh/sshd_config
    2  systemctl restart sshd
    3  passwd centos
    4  hostnamectl set-hosstname dockerhost
    5  v
    6  hostnamectl set-hostname dockerhost
    7  bash
    8  clear
    9  yum-config-manager     --add-repo     https://download.docker.com/linux/centos/docker-ce.repo
   10  yum install docker-ce -y
   11  systemctl start docker
   12  systemctl enable docker
   13  clear
   14  docker pull centos;7
   15  docker pull centos:7
   16  docker  run -d  --name=remote-con -p 2222:22   centos:7
   17  docker rm remote-con
   18  docker  run -it --name=remote-con -p 2222:22   centos:7
   19  ssh  amit@172.17.0.2
   20  clear
   21  docker network  create  --subnet 192.168.10.0/24  --driver bridge frontend
   22  docker rm  -f $(docker ps -q -a)
   23  docker run -it --name=con1 --name=frontend  centos:7
   24  docker run -it --name=con2 --name=frontend  centos:7
   25  docker rm  -f $(docker ps -q -a)
   26  docker run -it --name=con1 --network=frontend  centos:7
   27  docker run -it --name=con2 --network=frontend  centos:7
   28  docker stop con1
   29  docker run -it --name=con3 --network=frontend  centos:7
   30  docker attach con2
   31  docker start con1
   32  docker attach con2
   33  clear
   34  docker network ls
   35  docker rm -f $(docker ps -q -a)
   36  docker network rm  frontend
   37  clear
   38  docker network ls
   39  docker run -d --name=web  --network host  nginx
   40  netstat -tnlp | grep -w 80
   41  docker run -d --name=web2  --network host  nginx
   42  docker logs web2
   43  clear
   44  docker rm -f $(docker ps -q -a)
   45  docker network ls
   46  docker run -d --name=web  --network  none   nginx
   47  docker exec -it web  bash
   48  docker rm -f web
   49  clear
   50  docker pull mysql:5.6
   51  docker pull  wordpress
   52  docker network  create  --subnet 192.168.10.0/24  --driver bridge frontend
   53  # docker run -d   --name=mysql -e MYSQL_ROOT_PASSWORD=redhat -e MYSQL_DATABASE=wordpress -e MYSQL_USER=wordpreASSWORD=wordpress  mysql:5.6
   54  docker volume create mysqlvol
   55  docker run -d   -v  mysqvol:/var/lib/mysql  --network frontend  --name=mysql -e MYSQL_ROOT_PASSWORD=redhat -e E=wordpress -e MYSQL_USER=wordpress -e MYSQL_PASSWORD=wordpress  mysql:5.6
   56  docker ps
   57  docker volume create  wpvol
   58  docker run -d -p 8080:80   -v  wpvol:/var/www/html   --network frontend  --name=wp  -e  WORDPRESS_DB_HOST=mysqESS_DB_USER=wordpress  -e  WORDPRESS_DB_PASSWORD=wordpress -e  WORDPRESS_DB_NAME=wordpress   wordpress
   59  docker  ps
   60  docker logs wp
   61  docker network ls
   62  ifconfig eth0
   63  docker run -it --name=demo --network host  centos:7
   64  docker rm -f web
   65  docker rm -f  $(docker ps -q -a)
   66  docker run -it --name=demo --hostname demo  --network host  centos:7
   67  ifconfig eth0
   68  docker network ls
   69  ifconfig
   70  mkdir apache
   71  cd apache/
   72  ls
   73  vim Dockerfile
   74  cat  > Dockerfile
   75  vi Dockerfile
   76  ls
   77  mkdir src
   78  echo hellworld > src/index.html
   79  mkdir src
   80  vi Dockerfile
   81  docker  build -t  apache   .
   82  docker images
   83  docker run -d  --name=web  apache
   84  docker inspect web | grep -i ipaddress
   85  curl 172.17.0.2:8080
   86  vi Dockerfile
   87  docker images
   88  docker inspect  nginx
   89  vi Dockerfile
   90  docker  history apache
   91  docker rmi apache
   92  docker rm -f $(docker ps -q -a)
   93  docker rmi apache
   94  vi Dockerfile
   95  docker  build -t apache .
   96  docker  history apache
   97  vi Dockerfile
   98  docker images
   99  docker history centos:7
  100  docker rmi apache
  101  vi Dockerfile
  102  docker  build -t apache .
  103  vi Dockerfile
  104  ls
  105  vi Dockerfile
  106  tar -czf  apache.tar.gz  /etc
  107  ls
  108  vi Dockerfile
  109  docker  build -t apache .
  110  vi Dockerfile
  111  docker  build -t apache .
  112  docker run -it --name=test apache
  113  docker images
  114  docker run -it --name=test  df89fed7a2ae
  115  ls
  116  echo hellworld > run.sh
  117  chmod  755  run.sh
  118  ll run.sh
  119  vi Dockerfile
  120  ls -l run.sh
  121  cd
  122  docker images
  123  docker inspect nginx
  124  cd  apache/
  125  vi Dockerfile
  126  cd
  127  touch  /etc/sysconfig/network-scripts/abc
  128  cd  /etc/sysconfig/network-scripts/
  129  touch  abc
  130  rm abc
  131  cd
  132  cd apache/
  133  ls
  134  vi Dockerfile
  135  ls
  136  ls src/
  137  cat Dockerfile
  138  cd
  139  docker rm -f  $(docker ps -q -a)
  140  docker volume prune -a
  141  docker volume prune
  142  docker volume
  143  docker volume  ls
  144  docker run -d --name=web nginx
  145  docker volume  ls
  146  docker run -d  --name=db  -e  MYSQL_ROOT_PASSWORD=redhat mysql:5.6
  147  docker volume  ls
  148  docker exec  -it exec db  bash
  149  docker exec  -it  db  bash
  150  cd -
  151  vi Dockerfile
  152  mkdir /test
  153  docker run -d --name=web1 -v /test:/usr/share/nginx/html nginx
  154  docker run -d --name=web2 -v /usr/share/nginx/html nginx
  155  docker volume ls
  156  vi Dockerfile
  157  cd
  158  docker inspect  web1
  159  docker inspect  web2
  160  Docker compose
  161  Yaml
  162  docker registry
  163  ls
  164  cd apache/
  165  ls
  166  cat Dockerfile
  167  cd
  168  docker images
  169  docker run -d --name=web nginx
  170  docker rm -f web
  171  docker run -d --name=web nginx
  172  docker ps
  173  cd -
  174  vi Dockerfile
  175  cd
  176  docker rm -f $(docker ps -q -a)
  177  docker run -d -P  --name=web nginx
  178  docker ps
  179  cd -
  180  vi Dockerfile
  181  cd
  182  docker inspect nginx
  183  cd -
  184  vi Dockerfile
  185  cd
  186  docker ps
  187  docker exec -it web bash
  188  cd apache/
  189  ls
  190  cat > Dockerfile
  191  vi Dockerfile
  192  docker build -t apache .
  193  cd
  194  docker run -d --name=web2  apache
  195  docker exec -it web2 bash
  196  cd -
  197  vi Dockerfile
  198  cd
  199  docker ps
  200  docker top web2
  201  clear
  202  vi run.sh
  203  /bin/bash   /bin/cp    /etc/passwd /tmp/
  204  \  /bin/cp    /etc/passwd /tmp/
  205  cp    /etc/passwd /tmp/
  206  vi run.sh
  207  sh run.sh
  208  chmod u+x run.sh
  209  ./run.sh
  210  cd -
  211  docker ps
  212  vim Dockerfile
  213  vi Dockerfile
  214  docker build -t  apache:v1  .
  215  docker run -d --name=web3  apache:v1
  216  docker ps
  217  cat Dockerfile
  218  cd
  219  docker images apache:v1
  220  docker  inspect apache:v1
  221  docker  inspect apache
  222  cd -
  223  vi Dockerfile
  224  cd
  225  mkdir demo
  226  cd demo/
  227  vi Dockerfile
  228  docker  build  -t  centos:v1  .
  229  docker run -it --name=con1  centos:v1
  230  docker run -it --name=con1  centos:v1  uptime
  231  docker rm con1
  232  docker run -it --name=con1  centos:v1  uptime
  233  docker rm -f con1
  234  docker rmi centos:v1
  235  vi Dockerfile
  236  docker build -t centos:v1  .
  237  docker run -it  --name=con1 centos:v1
  238  docker run -it  --name=con2  centos:v1    india
  239  docker run -it  --name=con2  centos:v1   uptime
  240  docker run -it  --name=con3  centos:v1   uptime
  241  docker rm  -f  $(docker ps -q -a)
  242  docker rmi centos:v1
  243  vim Dockerfile
  244  vi Dockerfile
  245  docker build -t centos:v1  .
  246  docker run -it  --name=con1 centos:v1
  247  docker rm -f con1
  248  docker rmi centos:v1
  249  vi Dockerfile
  250  docker build -t centos:v1  .
  251  docker run -it  --name=con1 centos:v1
  252  docker run -it  --name=con2  centos:v1  india
  253  cat Dockerfile
  254  ls
  255  cat  Dockerfile
  256  cd
  257  cd apache/
  258  ls
  259  cd Dockerfile
  260  cat Dockerfile
  261  cd
  262  vi test.yml
  263  sudo curl -L "https://github.com/docker/compose/releases/download/1.23.2/docker-compose-$(uname -s)-$(uname -mcker-compose
  264  chmod  u+x  /bin/docker-compose
  265  docker-compose
  266  mkdir   noedjs
  267  cd  noedjs/
  268  yum install vim-enhanced -y
  269  vim docker-compose.yml
  270  docker-compose  up -d
  271  vim docker-compose.yml
  272  docker-compose  up -d
  273  vim docker-compose.yml
  274  docker-compose  up -d
  275  vim docker-compose.yml
  276  docker-compose  up -d
  277  vim docker-compose.yml
  278  docker-compose  up -d
  279  vim docker-compose.yml
  280  docker-compose  up -d
  281  vim docker-compose.yml
  282  docker-compose  up -d
  283  vim docker-compose.yml
  284  docker-compose  up -d
  285  vim docker-compose.yml
  286  docker-compose  up -d
  287  docker-compose  down
  288  vim docker-compose.yml
  289  docker-compose  up -d
  290  vim docker-compose.yml
  291  docker-compose  up -d
  292  vim docker-compose.yml
  293  docker-compose  up -d
  294  vim docker-compose.yml
  295  docker-compose  up -d
  296  .
  297  docker-compose  ps
  298  docker ps
  299  docker ps -a
  300  docker-compose  ps
  301  ls
  302  cat docker-compose.yml
  303  docker-compose stop
  304  docker-compose rm
  305  ls
  306  docker-compose  ps
  307  vim docker-compose.yml
  308  docker-compose up -d
  309  vim docker-compose.yml
  310  docker-compose up -d
  311  vim docker-compose.yml
  312  docker-compose up -d
  313  docker ps
  314  docker-compose down
  315  vim docker-compose.yml
  316  docker-compose  up -d
  317  vim docker-compose.yml
  318  docker-compose  up -d
  319  docker-compose down
  320  vim docker-compose.yml
  321  docker-compose  up -d
  322  vim docker-compose.yml
  323  docker-compose  up -d
  324  docker-compose  ps
  325  docker-compose  down
  326  vim docker-compose.yml
  327  docker-compose  up -d
  328  vim docker-compose.yml
  329  docker-compose  up -d
  330  vim docker-compose.yml
  331  docker-compose  up -d
  332  docker-compose  pas
  333  docker-compose  ps
  334  docker-compose  down
  335  vim docker-compose.yml
  336  docker-compose  up -d
  337  docker-compose  ps
  338  docker-compose down
  339  vim docker-compose.yml
  340  docker-compose  up -d
  341  vim docker-compose.yml
  342  docker-compose  up -d
  343  docker-compose  down   database
  344  docker-compose  ps
  345  docker-compose down  database
  346  docker-compose stop database
  347  docker-compose rm  database
  348  docker-compose start database
  349  docker-compose  ps
  350  docker-compose  up  -d
  351  docker-compose stop database
  352  docker-compose rm  database
  353  docker-compose  up  -d   database
  354  docker-compose  ps
  355  docker-compose  down
  356  docker-compose  up -d
  357  docker-compose  ps
  358  vim docker-compose.yml
  359  docker-compose  up -d
  360  docker-compose  ps
  361  docker-compose down
  362  vim docker-compose.yml
  363  docker-compose  up -d
  364  vim docker-compose.yml
  365  docker-compose  up -d
  366  docker volume ls
  367  vim docker-compose.yml
  368  docker-compose  up -d
  369  docker-compose  down
  370  docker-compose  up -d
  371  docker volume ls
  372  vim docker-compose.yml
  373  docker-compose  up -d
  374  vim docker-compose.yml
  375  docker-compose  down
  376  vim docker-compose.yml
  377  docker-compose  down
  378  docker-compose  up -d
  379  vim docker-compose.yml
  380  docker-compose  up -d
  381  docker network  ls
  382  docker network inspect noedjs_backend  | grep -i subnet
  383  docker-compose down
  384  vim docker-compose.yml
  385  docker-compose  up -d
  386  docker network inspect noedjs_backend  | grep -i subnet
  387  docker network inspect  noedjs_frontend | grep -i subnet
  388  vim docker-compose.yml
  389  docker inspect noedjs_webserver_1  | grep  -i ipaddress
  390  docker inspect noedjs_backend  | grep  -i ipaddress
  391  docker inspect noedjs_database_1 | grep  -i ipaddress
  392  vim docker-compose.yml
  393  docker-compose  down
  394  cd
  395  mkdir test
  396  cd test
  397  mkdir src
  398  echo hellworld > src/index.html
  399  cat > Dockerfile
  400  vim Dockerfile
  401  ls src/
  402  ls
  403  vim docker-compose.yml
  404  docker-compose up -d
  405  vim docker-compose.yml
  406  docker-compose up -d
  407  docker-compose  ps
  408  curl 127.0.0.1:8080
  409  vim docker-compose.yml
  410  echo  version2 > src/index.html
  411  docker-compose up -d
  412  curl 127.0.0.1:8080
  413  docker-compose up -d  --build
  414  curl 127.0.0.1:8080
  415  echo  version3  > src/index.html
  416  docker-compose up -d  --build
  417  curl 127.0.0.1:8080
  418  ls
  419  cat Dockerfile
  420  cat docker-compose.yml
  421  ls
  422  mkdir dir1
  423  mkdir dir2
  424  ls
  425  cp -rf Dockerfile  dir1/
  426  cp -rf Dockerfile  dir2/
  427  cp -rf  src/  dir1/
  428  cp -rf  src/  dir2/
  429  vim dir1/src/index.html
  430  vim dir2/src/index.html
  431  ls
  432  rm -rf Dockerfile  src/
  433  ls
  434  vim docker-compose.yml
  435  docker-compose  up -d
  436  docker-compose  ps
  437  curl 127.0.0.1:8080
  438  curl 127.0.0.1:8081
  439  docker-compose down
  440  docker rm -f  $(docker ps -q -a)
  441  docker-compose  up -d
  442  curl 127.0.0.1:8081
  443  curl 127.0.0.1:8080
  444  docker-compose down
  445  docker-compose  up -d --build
  446  curl 127.0.0.1:8080
  447  curl 127.0.0.1:8081
  448  ls dir1/
  449  ls dir2/
  450  vim docker-compose.yml
  451  cd
  452  cd apache/
  453  docker build -t apache .
  454  vim d
  455  vi Dockerfile
  456  cd
  457  mkdir wpmysql
  458  cd wpmysql/
  459  cat > docker-compose.yml
  460  vim docker-compose.yml
  461  docker run -d --name=con1 --restart always nginx
  462  systemctl  restart docker
  463  docker ps
  464  docker rm -f $(docker ps -q -a)
  465  vim docker-compose.yml
  466  docker-compose  up -d
  467  vim docker-compose.yml
  468  docker-compose  up -d
  469  vim docker-compose.yml
  470  cat docker-compose.yml
  471  cd
  472  ls
  473  cd noedjs/
  474  ls
  475  cat docker-compose.yml
  476  ls
  477  cd
  478  ls
  479  cd demo/
  480  ls
  481  cat Dockerfile
  482  cd
  483  cd apache/
  484  ls
  485  cat Dockerfile
  486  docker rm -f $(docker ps -q -a)
  487  docker rmi -f $(docker  image -q)
  488  docker rmi -f $(docker  images -q)
  489  docker image prune
  490  docker volume prune
  491  clear
  492  systemctl is-active docker
  493  docker
  494  clear
  495  docker  images
  496  docker pull httpd
  497  docker  images
  498  ls -ld  /var/lib/docker/
  499  docker info | grep -i root
  500  df -h  /
  501  ls /var/lib/docker/
  502  docker  images
  503  docker pull httpd:2.2
  504  docker pull httpd:2.2901
  505  docker images
  506  docker search  nginx
  507  docker search  registry.access.redhat.com/nginx
  508  docker pull registry.access.redhat.com/rhscl/nginx-112-rhel7
  509  docker images
  510  docker search redis
  511  docker search redis  --help
  512  yum install skopeo -y
  513  skopeo  inspect docker://docker.io/redis
  514  docker images
  515  docker system  df
  516  clear
  517  docker images
  518  docker pull ubuntu
  519  docker images
  520  docker pull debian:bullseye-slim
  521  docker images
  522  docker history  httpd
  523  docker history  ubuntu
  524  docker images
  525  docker images inspect  httpd
  526  docker  inspect image   httpd
  527  docker  image  inspect  httpd
  528  docker  image  inspect  httpd
  529  docker images
  530  docker rmi  df5de72bdb3b
  531  docker images
  532  docker image prune
  533  docker history  httpd:2.2
  534  docker search httpd
  535  skopeo inspect  docker://docker.io/httpd
  536  docker pull httpd:2.4.18
  537  registry.access.redhat.com
  538  quay.io
  539  docker search ramprakashupadhyay123
  540  ls /var/lib/docker/
  541  docker ps
  542  docker images
  543  docker   run   -d  --name=test  httpd
  544  docker ps
  545  ls /var/lib/docker/containers/
  546  docker top test
  547  docker ps
  548  docker top  test
  549  docker exec -it  test  bash
  550  ls
  551  docker stop  test
  552  docker start test
  553  docker exec -it  test  bash
  554  docker stop  test
  555  docker rm  test
  556  docker images
  557  docker   run   -d  --name=test  httpd
  558  docker  container  inspect   test
  559  ping 172.17.0.2
  560  docker stats test
  561  docker stop test
  562  docker rm test
  563  docker   run   -d  --name=test  httpd
  564  docker exec -it test  sh
  565  docker exec -it test  bash
  566  docker system df
  567  docker images
  568  docker stop  test
  569  docker rm test
  570  docker images
  571  history
[root@dockerhost ~]# docker images
REPOSITORY                                         TAG             IMAGE ID       CREATED       SIZE
httpd                                              latest          a981c8992512   5 days ago    145MB
debian                                             bullseye-slim   2bb87fe5a1f3   5 days ago    80.4MB
registry.access.redhat.com/rhscl/nginx-112-rhel7   latest          fc131486cd08   2 years ago   302MB
httpd                                              2.2             e06c3dbbfe23   4 years ago   171MB
httpd                                              2.4.18          d10e4c3e7ec9   6 years ago   193MB
[root@dockerhost ~]#
[root@dockerhost ~]#
[root@dockerhost ~]# docker run  -it   --name=demo   ubuntu
Unable to find image 'ubuntu:latest' locally
latest: Pulling from library/ubuntu
d19f32bd9e41: Pull complete
Digest: sha256:34fea4f31bf187bc915536831fd0afc9d214755bf700b5cdb1336c82516d154e
Status: Downloaded newer image for ubuntu:latest
root@6a13d995fbc3:/#
root@6a13d995fbc3:/#
root@6a13d995fbc3:/#
root@6a13d995fbc3:/#
root@6a13d995fbc3:/# ls
bin  boot  dev  etc  home  lib  lib32  lib64  libx32  media  mnt  opt  proc  root  run  sbin  srv  sys  tmp  usr  var
root@6a13d995fbc3:/# cp
cp: missing file operand
Try 'cp --help' for more information.
root@6a13d995fbc3:/#
root@6a13d995fbc3:/#
root@6a13d995fbc3:/# touch abc
root@6a13d995fbc3:/#
root@6a13d995fbc3:/# exit
exit
[root@dockerhost ~]#
[root@dockerhost ~]#
[root@dockerhost ~]# docker ps
CONTAINER ID   IMAGE     COMMAND   CREATED   STATUS    PORTS     NAMES
[root@dockerhost ~]#
[root@dockerhost ~]# docker ps -a
CONTAINER ID   IMAGE     COMMAND   CREATED              STATUS                      PORTS     NAMES
6a13d995fbc3   ubuntu    "bash"    About a minute ago   Exited (0) 42 seconds ago             demo
[root@dockerhost ~]#
[root@dockerhost ~]# docker rm demo
demo
[root@dockerhost ~]#
[root@dockerhost ~]# docker run  -it   --name=demo   ubuntu
root@c08ec3175cef:/# [root@dockerhost ~]#
[root@dockerhost ~]#
[root@dockerhost ~]#
[root@dockerhost ~]#
[root@dockerhost ~]#
[root@dockerhost ~]#
[root@dockerhost ~]# docker attach demo
root@c08ec3175cef:/#
root@c08ec3175cef:/# read escape sequence
[root@dockerhost ~]#
[root@dockerhost ~]#
[root@dockerhost ~]# docker attach demo
root@c08ec3175cef:/# read escape sequence
[root@dockerhost ~]#
[root@dockerhost ~]#
[root@dockerhost ~]#
[root@dockerhost ~]# docker exec -it demo  bash
root@c08ec3175cef:/# exit
exit
[root@dockerhost ~]# docker exec -it demo  bash
root@c08ec3175cef:/# exit
exit
[root@dockerhost ~]#
[root@dockerhost ~]# docker exec -it demo  touch /root/abc
[root@dockerhost ~]#
[root@dockerhost ~]# ls /root
apache  demo  noedjs  run.sh  test  test.yml  wpmysql
[root@dockerhost ~]# docker exec -it demo  bash
root@c08ec3175cef:/# exit
exit
[root@dockerhost ~]#
[root@dockerhost ~]#
[root@dockerhost ~]#
[root@dockerhost ~]# docker ps
CONTAINER ID   IMAGE     COMMAND   CREATED          STATUS          PORTS     NAMES
c08ec3175cef   ubuntu    "bash"    17 minutes ago   Up 17 minutes             demo
[root@dockerhost ~]#
[root@dockerhost ~]#
[root@dockerhost ~]#
[root@dockerhost ~]# docker top demo
UID                 PID                 PPID                C                   STIME               TTY                 TIME                CMD
root                6249                6229                0                   11:57               pts/0               00:00:00            bash
[root@dockerhost ~]#
[root@dockerhost ~]# kill  -9 6229
[root@dockerhost ~]#
[root@dockerhost ~]# docker ps
CONTAINER ID   IMAGE     COMMAND   CREATED   STATUS    PORTS     NAMES
[root@dockerhost ~]# docker ps -a
CONTAINER ID   IMAGE     COMMAND   CREATED          STATUS                       PORTS     NAMES
c08ec3175cef   ubuntu    "bash"    17 minutes ago   Exited (137) 9 seconds ago             demo
[root@dockerhost ~]#
[root@dockerhost ~]#
[root@dockerhost ~]#
[root@dockerhost ~]#
[root@dockerhost ~]# docker stop
"docker stop" requires at least 1 argument.
See 'docker stop --help'.

Usage:  docker stop [OPTIONS] CONTAINER [CONTAINER...]

Stop one or more running containers
[root@dockerhost ~]#
[root@dockerhost ~]# docker stop  $(docker ps -q -a)
c08ec3175cef
[root@dockerhost ~]#
[root@dockerhost ~]# docker rm   $(docker ps -q -a)
c08ec3175cef
[root@dockerhost ~]# docker run -d --name=con1  httpd
18c4679c10e56c9fe3024c3016fa6103e929badb69e4b4d8fa22f24e5fbf9213
[root@dockerhost ~]#
[root@dockerhost ~]# docker run -d --name=con2 nginx
Unable to find image 'nginx:latest' locally
latest: Pulling from library/nginx
7a6db449b51b: Already exists
ca1981974b58: Pull complete
d4019c921e20: Pull complete
7cb804d746d4: Pull complete
e7a561826262: Pull complete
7247f6e5c182: Pull complete
Digest: sha256:b95a99feebf7797479e0c5eb5ec0bdfa5d9f504bc94da550c2f58e839ea6914f
Status: Downloaded newer image for nginx:latest
5627fcba476086fec37ab6bc246113f69537e8fb46e011918cee1bcc8d6dcd2b
[root@dockerhost ~]#
[root@dockerhost ~]#
[root@dockerhost ~]#
[root@dockerhost ~]# docker stop
"docker stop" requires at least 1 argument.
See 'docker stop --help'.

Usage:  docker stop [OPTIONS] CONTAINER [CONTAINER...]

Stop one or more running containers
[root@dockerhost ~]#
[root@dockerhost ~]# docker ps -q -a
5627fcba4760
18c4679c10e5
[root@dockerhost ~]#
[root@dockerhost ~]# docker stop $(docker ps -q -a)
5627fcba4760
18c4679c10e5
[root@dockerhost ~]#
[root@dockerhost ~]# docker start  $(docker ps -q -a)
5627fcba4760
18c4679c10e5
[root@dockerhost ~]#
[root@dockerhost ~]# docker stop $(docker ps -q -a)
5627fcba4760
18c4679c10e5
[root@dockerhost ~]# docker rm  $(docker ps -q -a)
5627fcba4760
18c4679c10e5
[root@dockerhost ~]# history
    1  vi  /etc/ssh/sshd_config
    2  systemctl restart sshd
    3  passwd centos
    4  hostnamectl set-hosstname dockerhost
    5  v
    6  hostnamectl set-hostname dockerhost
    7  bash
    8  clear
    9  yum-config-manager     --add-repo     https://download.docker.com/linux/centos/docker-ce.repo
   10  yum install docker-ce -y
   11  systemctl start docker
   12  systemctl enable docker
   13  clear
   14  docker pull centos;7
   15  docker pull centos:7
   16  docker  run -d  --name=remote-con -p 2222:22   centos:7
   17  docker rm remote-con
   18  docker  run -it --name=remote-con -p 2222:22   centos:7
   19  ssh  amit@172.17.0.2
   20  clear
   21  docker network  create  --subnet 192.168.10.0/24  --driver bridge frontend
   22  docker rm  -f $(docker ps -q -a)
   23  docker run -it --name=con1 --name=frontend  centos:7
   24  docker run -it --name=con2 --name=frontend  centos:7
   25  docker rm  -f $(docker ps -q -a)
   26  docker run -it --name=con1 --network=frontend  centos:7
   27  docker run -it --name=con2 --network=frontend  centos:7
   28  docker stop con1
   29  docker run -it --name=con3 --network=frontend  centos:7
   30  docker attach con2
   31  docker start con1
   32  docker attach con2
   33  clear
   34  docker network ls
   35  docker rm -f $(docker ps -q -a)
   36  docker network rm  frontend
   37  clear
   38  docker network ls
   39  docker run -d --name=web  --network host  nginx
   40  netstat -tnlp | grep -w 80
   41  docker run -d --name=web2  --network host  nginx
   42  docker logs web2
   43  clear
   44  docker rm -f $(docker ps -q -a)
   45  docker network ls
   46  docker run -d --name=web  --network  none   nginx
   47  docker exec -it web  bash
   48  docker rm -f web
   49  clear
   50  docker pull mysql:5.6
   51  docker pull  wordpress
   52  docker network  create  --subnet 192.168.10.0/24  --driver bridge frontend
   53  # docker run -d   --name=mysql -e MYSQL_ROOT_PASSWORD=redhat -e MYSQL_DATABASE=wordpress -e MYSQL_USER=wordpress -e MYSQL_PASSWORD=wordpress  mysql:5.6
   54  docker volume create mysqlvol
   55  docker run -d   -v  mysqvol:/var/lib/mysql  --network frontend  --name=mysql -e MYSQL_ROOT_PASSWORD=redhat -e MYSQL_DATABASE=wordpress -e MYSQL_USER=wordpress -e MYSQL_PASSWORD=wordpress  mysql:5.6
   56  docker ps
   57  docker volume create  wpvol
   58  docker run -d -p 8080:80   -v  wpvol:/var/www/html   --network frontend  --name=wp  -e  WORDPRESS_DB_HOST=mysql  -e  WORDPRESS_DB_USER=wordpress  -e  WORDPRESS_DB_PASSWORD=wordpress -e  WORDPRESS_DB_NAME=wordpress   wordpress
   59  docker  ps
   60  docker logs wp
   61  docker network ls
   62  ifconfig eth0
   63  docker run -it --name=demo --network host  centos:7
   64  docker rm -f web
   65  docker rm -f  $(docker ps -q -a)
   66  docker run -it --name=demo --hostname demo  --network host  centos:7
   67  ifconfig eth0
   68  docker network ls
   69  ifconfig
   70  mkdir apache
   71  cd apache/
   72  ls
   73  vim Dockerfile
   74  cat  > Dockerfile
   75  vi Dockerfile
   76  ls
   77  mkdir src
   78  echo hellworld > src/index.html
   79  mkdir src
   80  vi Dockerfile
   81  docker  build -t  apache   .
   82  docker images
   83  docker run -d  --name=web  apache
   84  docker inspect web | grep -i ipaddress
   85  curl 172.17.0.2:8080
   86  vi Dockerfile
   87  docker images
   88  docker inspect  nginx
   89  vi Dockerfile
   90  docker  history apache
   91  docker rmi apache
   92  docker rm -f $(docker ps -q -a)
   93  docker rmi apache
   94  vi Dockerfile
   95  docker  build -t apache .
   96  docker  history apache
   97  vi Dockerfile
   98  docker images
   99  docker history centos:7
  100  docker rmi apache
  101  vi Dockerfile
  102  docker  build -t apache .
  103  vi Dockerfile
  104  ls
  105  vi Dockerfile
  106  tar -czf  apache.tar.gz  /etc
  107  ls
  108  vi Dockerfile
  109  docker  build -t apache .
  110  vi Dockerfile
  111  docker  build -t apache .
  112  docker run -it --name=test apache
  113  docker images
  114  docker run -it --name=test  df89fed7a2ae
  115  ls
  116  echo hellworld > run.sh
  117  chmod  755  run.sh
  118  ll run.sh
  119  vi Dockerfile
  120  ls -l run.sh
  121  cd
  122  docker images
  123  docker inspect nginx
  124  cd  apache/
  125  vi Dockerfile
  126  cd
  127  touch  /etc/sysconfig/network-scripts/abc
  128  cd  /etc/sysconfig/network-scripts/
  129  touch  abc
  130  rm abc
  131  cd
  132  cd apache/
  133  ls
  134  vi Dockerfile
  135  ls
  136  ls src/
  137  cat Dockerfile
  138  cd
  139  docker rm -f  $(docker ps -q -a)
  140  docker volume prune -a
  141  docker volume prune
  142  docker volume
  143  docker volume  ls
  144  docker run -d --name=web nginx
  145  docker volume  ls
  146  docker run -d  --name=db  -e  MYSQL_ROOT_PASSWORD=redhat mysql:5.6
  147  docker volume  ls
  148  docker exec  -it exec db  bash
  149  docker exec  -it  db  bash
  150  cd -
  151  vi Dockerfile
  152  mkdir /test
  153  docker run -d --name=web1 -v /test:/usr/share/nginx/html nginx
  154  docker run -d --name=web2 -v /usr/share/nginx/html nginx
  155  docker volume ls
  156  vi Dockerfile
  157  cd
  158  docker inspect  web1
  159  docker inspect  web2
  160  Docker compose
  161  Yaml
  162  docker registry
  163  ls
  164  cd apache/
  165  ls
  166  cat Dockerfile
  167  cd
  168  docker images
  169  docker run -d --name=web nginx
  170  docker rm -f web
  171  docker run -d --name=web nginx
  172  docker ps
  173  cd -
  174  vi Dockerfile
  175  cd
  176  docker rm -f $(docker ps -q -a)
  177  docker run -d -P  --name=web nginx
  178  docker ps
  179  cd -
  180  vi Dockerfile
  181  cd
  182  docker inspect nginx
  183  cd -
  184  vi Dockerfile
  185  cd
  186  docker ps
  187  docker exec -it web bash
  188  cd apache/
  189  ls
  190  cat > Dockerfile
  191  vi Dockerfile
  192  docker build -t apache .
  193  cd
  194  docker run -d --name=web2  apache
  195  docker exec -it web2 bash
  196  cd -
  197  vi Dockerfile
  198  cd
  199  docker ps
  200  docker top web2
  201  clear
  202  vi run.sh
  203  /bin/bash   /bin/cp    /etc/passwd /tmp/
  204  \  /bin/cp    /etc/passwd /tmp/
  205  cp    /etc/passwd /tmp/
  206  vi run.sh
  207  sh run.sh
  208  chmod u+x run.sh
  209  ./run.sh
  210  cd -
  211  docker ps
  212  vim Dockerfile
  213  vi Dockerfile
  214  docker build -t  apache:v1  .
  215  docker run -d --name=web3  apache:v1
  216  docker ps
  217  cat Dockerfile
  218  cd
  219  docker images apache:v1
  220  docker  inspect apache:v1
  221  docker  inspect apache
  222  cd -
  223  vi Dockerfile
  224  cd
  225  mkdir demo
  226  cd demo/
  227  vi Dockerfile
  228  docker  build  -t  centos:v1  .
  229  docker run -it --name=con1  centos:v1
  230  docker run -it --name=con1  centos:v1  uptime
  231  docker rm con1
  232  docker run -it --name=con1  centos:v1  uptime
  233  docker rm -f con1
  234  docker rmi centos:v1
  235  vi Dockerfile
  236  docker build -t centos:v1  .
  237  docker run -it  --name=con1 centos:v1
  238  docker run -it  --name=con2  centos:v1    india
  239  docker run -it  --name=con2  centos:v1   uptime
  240  docker run -it  --name=con3  centos:v1   uptime
  241  docker rm  -f  $(docker ps -q -a)
  242  docker rmi centos:v1
  243  vim Dockerfile
  244  vi Dockerfile
  245  docker build -t centos:v1  .
  246  docker run -it  --name=con1 centos:v1
  247  docker rm -f con1
  248  docker rmi centos:v1
  249  vi Dockerfile
  250  docker build -t centos:v1  .
  251  docker run -it  --name=con1 centos:v1
  252  docker run -it  --name=con2  centos:v1  india
  253  cat Dockerfile
  254  ls
  255  cat  Dockerfile
  256  cd
  257  cd apache/
  258  ls
  259  cd Dockerfile
  260  cat Dockerfile
  261  cd
  262  vi test.yml
  263  sudo curl -L "https://github.com/docker/compose/releases/download/1.23.2/docker-compose-$(uname -s)-$(uname -m)" -o /bin/docker-compose
  264  chmod  u+x  /bin/docker-compose
  265  docker-compose
  266  mkdir   noedjs
  267  cd  noedjs/
  268  yum install vim-enhanced -y
  269  vim docker-compose.yml
  270  docker-compose  up -d
  271  vim docker-compose.yml
  272  docker-compose  up -d
  273  vim docker-compose.yml
  274  docker-compose  up -d
  275  vim docker-compose.yml
  276  docker-compose  up -d
  277  vim docker-compose.yml
  278  docker-compose  up -d
  279  vim docker-compose.yml
  280  docker-compose  up -d
  281  vim docker-compose.yml
  282  docker-compose  up -d
  283  vim docker-compose.yml
  284  docker-compose  up -d
  285  vim docker-compose.yml
  286  docker-compose  up -d
  287  docker-compose  down
  288  vim docker-compose.yml
  289  docker-compose  up -d
  290  vim docker-compose.yml
  291  docker-compose  up -d
  292  vim docker-compose.yml
  293  docker-compose  up -d
  294  vim docker-compose.yml
  295  docker-compose  up -d
  296  .
  297  docker-compose  ps
  298  docker ps
  299  docker ps -a
  300  docker-compose  ps
  301  ls
  302  cat docker-compose.yml
  303  docker-compose stop
  304  docker-compose rm
  305  ls
  306  docker-compose  ps
  307  vim docker-compose.yml
  308  docker-compose up -d
  309  vim docker-compose.yml
  310  docker-compose up -d
  311  vim docker-compose.yml
  312  docker-compose up -d
  313  docker ps
  314  docker-compose down
  315  vim docker-compose.yml
  316  docker-compose  up -d
  317  vim docker-compose.yml
  318  docker-compose  up -d
  319  docker-compose down
  320  vim docker-compose.yml
  321  docker-compose  up -d
  322  vim docker-compose.yml
  323  docker-compose  up -d
  324  docker-compose  ps
  325  docker-compose  down
  326  vim docker-compose.yml
  327  docker-compose  up -d
  328  vim docker-compose.yml
  329  docker-compose  up -d
  330  vim docker-compose.yml
  331  docker-compose  up -d
  332  docker-compose  pas
  333  docker-compose  ps
  334  docker-compose  down
  335  vim docker-compose.yml
  336  docker-compose  up -d
  337  docker-compose  ps
  338  docker-compose down
  339  vim docker-compose.yml
  340  docker-compose  up -d
  341  vim docker-compose.yml
  342  docker-compose  up -d
  343  docker-compose  down   database
  344  docker-compose  ps
  345  docker-compose down  database
  346  docker-compose stop database
  347  docker-compose rm  database
  348  docker-compose start database
  349  docker-compose  ps
  350  docker-compose  up  -d
  351  docker-compose stop database
  352  docker-compose rm  database
  353  docker-compose  up  -d   database
  354  docker-compose  ps
  355  docker-compose  down
  356  docker-compose  up -d
  357  docker-compose  ps
  358  vim docker-compose.yml
  359  docker-compose  up -d
  360  docker-compose  ps
  361  docker-compose down
  362  vim docker-compose.yml
  363  docker-compose  up -d
  364  vim docker-compose.yml
  365  docker-compose  up -d
  366  docker volume ls
  367  vim docker-compose.yml
  368  docker-compose  up -d
  369  docker-compose  down
  370  docker-compose  up -d
  371  docker volume ls
  372  vim docker-compose.yml
  373  docker-compose  up -d
  374  vim docker-compose.yml
  375  docker-compose  down
  376  vim docker-compose.yml
  377  docker-compose  down
  378  docker-compose  up -d
  379  vim docker-compose.yml
  380  docker-compose  up -d
  381  docker network  ls
  382  docker network inspect noedjs_backend  | grep -i subnet
  383  docker-compose down
  384  vim docker-compose.yml
  385  docker-compose  up -d
  386  docker network inspect noedjs_backend  | grep -i subnet
  387  docker network inspect  noedjs_frontend | grep -i subnet
  388  vim docker-compose.yml
  389  docker inspect noedjs_webserver_1  | grep  -i ipaddress
  390  docker inspect noedjs_backend  | grep  -i ipaddress
  391  docker inspect noedjs_database_1 | grep  -i ipaddress
  392  vim docker-compose.yml
  393  docker-compose  down
  394  cd
  395  mkdir test
  396  cd test
  397  mkdir src
  398  echo hellworld > src/index.html
  399  cat > Dockerfile
  400  vim Dockerfile
  401  ls src/
  402  ls
  403  vim docker-compose.yml
  404  docker-compose up -d
  405  vim docker-compose.yml
  406  docker-compose up -d
  407  docker-compose  ps
  408  curl 127.0.0.1:8080
  409  vim docker-compose.yml
  410  echo  version2 > src/index.html
  411  docker-compose up -d
  412  curl 127.0.0.1:8080
  413  docker-compose up -d  --build
  414  curl 127.0.0.1:8080
  415  echo  version3  > src/index.html
  416  docker-compose up -d  --build
  417  curl 127.0.0.1:8080
  418  ls
  419  cat Dockerfile
  420  cat docker-compose.yml
  421  ls
  422  mkdir dir1
  423  mkdir dir2
  424  ls
  425  cp -rf Dockerfile  dir1/
  426  cp -rf Dockerfile  dir2/
  427  cp -rf  src/  dir1/
  428  cp -rf  src/  dir2/
  429  vim dir1/src/index.html
  430  vim dir2/src/index.html
  431  ls
  432  rm -rf Dockerfile  src/
  433  ls
  434  vim docker-compose.yml
  435  docker-compose  up -d
  436  docker-compose  ps
  437  curl 127.0.0.1:8080
  438  curl 127.0.0.1:8081
  439  docker-compose down
  440  docker rm -f  $(docker ps -q -a)
  441  docker-compose  up -d
  442  curl 127.0.0.1:8081
  443  curl 127.0.0.1:8080
  444  docker-compose down
  445  docker-compose  up -d --build
  446  curl 127.0.0.1:8080
  447  curl 127.0.0.1:8081
  448  ls dir1/
  449  ls dir2/
  450  vim docker-compose.yml
  451  cd
  452  cd apache/
  453  docker build -t apache .
  454  vim d
  455  vi Dockerfile
  456  cd
  457  mkdir wpmysql
  458  cd wpmysql/
  459  cat > docker-compose.yml
  460  vim docker-compose.yml
  461  docker run -d --name=con1 --restart always nginx
  462  systemctl  restart docker
  463  docker ps
  464  docker rm -f $(docker ps -q -a)
  465  vim docker-compose.yml
  466  docker-compose  up -d
  467  vim docker-compose.yml
  468  docker-compose  up -d
  469  vim docker-compose.yml
  470  cat docker-compose.yml
  471  cd
  472  ls
  473  cd noedjs/
  474  ls
  475  cat docker-compose.yml
  476  ls
  477  cd
  478  ls
  479  cd demo/
  480  ls
  481  cat Dockerfile
  482  cd
  483  cd apache/
  484  ls
  485  cat Dockerfile
  486  docker rm -f $(docker ps -q -a)
  487  docker rmi -f $(docker  image -q)
  488  docker rmi -f $(docker  images -q)
  489  docker image prune
  490  docker volume prune
  491  clear
  492  systemctl is-active docker
  493  docker
  494  clear
  495  docker  images
  496  docker pull httpd
  497  docker  images
  498  ls -ld  /var/lib/docker/
  499  docker info | grep -i root
  500  df -h  /
  501  ls /var/lib/docker/
  502  docker  images
  503  docker pull httpd:2.2
  504  docker pull httpd:2.2901
  505  docker images
  506  docker search  nginx
  507  docker search  registry.access.redhat.com/nginx
  508  docker pull registry.access.redhat.com/rhscl/nginx-112-rhel7
  509  docker images
  510  docker search redis
  511  docker search redis  --help
  512  yum install skopeo -y
  513  skopeo  inspect docker://docker.io/redis
  514  docker images
  515  docker system  df
  516  clear
  517  docker images
  518  docker pull ubuntu
  519  docker images
  520  docker pull debian:bullseye-slim
  521  docker images
  522  docker history  httpd
  523  docker history  ubuntu
  524  docker images
  525  docker images inspect  httpd
  526  docker  inspect image   httpd
  527  docker  image  inspect  httpd
  528  docker  image  inspect  httpd
  529  docker images
  530  docker rmi  df5de72bdb3b
  531  docker images
  532  docker image prune
  533  docker history  httpd:2.2
  534  docker search httpd
  535  skopeo inspect  docker://docker.io/httpd
  536  docker pull httpd:2.4.18
  537  registry.access.redhat.com
  538  quay.io
  539  docker search ramprakashupadhyay123
  540  ls /var/lib/docker/
  541  docker ps
  542  docker images
  543  docker   run   -d  --name=test  httpd
  544  docker ps
  545  ls /var/lib/docker/containers/
  546  docker top test
  547  docker ps
  548  docker top  test
  549  docker exec -it  test  bash
  550  ls
  551  docker stop  test
  552  docker start test
  553  docker exec -it  test  bash
  554  docker stop  test
  555  docker rm  test
  556  docker images
  557  docker   run   -d  --name=test  httpd
  558  docker  container  inspect   test
  559  ping 172.17.0.2
  560  docker stats test
  561  docker stop test
  562  docker rm test
  563  docker   run   -d  --name=test  httpd
  564  docker exec -it test  sh
  565  docker exec -it test  bash
  566  docker system df
  567  docker images
  568  docker stop  test
  569  docker rm test
  570  docker images
  571  history
  572  docker images
  573  docker run  -it   --name=demo   ubuntu
  574  docker ps
  575  docker ps -a
  576  docker rm demo
  577  docker run  -it   --name=demo   ubuntu
  578  docker attach demo
  579  docker exec -it demo  bash
  580  docker exec -it demo  touch /root/abc
  581  ls /root
  582  docker exec -it demo  bash
  583  docker ps
  584  docker top demo
  585  kill  -9 6229
  586  docker ps
  587  docker ps -a
  588  docker stop
  589  docker stop  $(docker ps -q -a)
  590  docker rm   $(docker ps -q -a)
  591  docker run -d --name=con1  httpd
  592  docker run -d --name=con2 nginx
  593  docker stop
  594  docker ps -q -a
  595  docker stop $(docker ps -q -a)
  596  docker start  $(docker ps -q -a)
  597  docker stop $(docker ps -q -a)
  598  docker rm  $(docker ps -q -a)
  599  history
[root@dockerhost ~]#


12 to  4 pm 









